Archive member included to satisfy reference by file (symbol)

C:/ST/STM32CubeIDE_1.14.1/STM32CubeIDE/plugins/com.st.stm32cube.ide.mcu.externaltools.gnu-tools-for-stm32.11.3.rel1.win32_1.1.100.202309141235/tools/bin/../lib/gcc/arm-none-eabi/11.3.1/../../../../arm-none-eabi/lib/thumb/v7e-m+fp/hard\libc_nano.a(libc_a-exit.o)
                              C:/ST/STM32CubeIDE_1.14.1/STM32CubeIDE/plugins/com.st.stm32cube.ide.mcu.externaltools.gnu-tools-for-stm32.11.3.rel1.win32_1.1.100.202309141235/tools/bin/../lib/gcc/arm-none-eabi/11.3.1/../../../../arm-none-eabi/lib/thumb/v7e-m+fp/hard/crt0.o (exit)
C:/ST/STM32CubeIDE_1.14.1/STM32CubeIDE/plugins/com.st.stm32cube.ide.mcu.externaltools.gnu-tools-for-stm32.11.3.rel1.win32_1.1.100.202309141235/tools/bin/../lib/gcc/arm-none-eabi/11.3.1/../../../../arm-none-eabi/lib/thumb/v7e-m+fp/hard\libc_nano.a(libc_a-findfp.o)
                              C:/ST/STM32CubeIDE_1.14.1/STM32CubeIDE/plugins/com.st.stm32cube.ide.mcu.externaltools.gnu-tools-for-stm32.11.3.rel1.win32_1.1.100.202309141235/tools/bin/../lib/gcc/arm-none-eabi/11.3.1/../../../../arm-none-eabi/lib/thumb/v7e-m+fp/hard\libc_nano.a(libc_a-exit.o) (__stdio_exit_handler)
C:/ST/STM32CubeIDE_1.14.1/STM32CubeIDE/plugins/com.st.stm32cube.ide.mcu.externaltools.gnu-tools-for-stm32.11.3.rel1.win32_1.1.100.202309141235/tools/bin/../lib/gcc/arm-none-eabi/11.3.1/../../../../arm-none-eabi/lib/thumb/v7e-m+fp/hard\libc_nano.a(libc_a-fwalk.o)
                              C:/ST/STM32CubeIDE_1.14.1/STM32CubeIDE/plugins/com.st.stm32cube.ide.mcu.externaltools.gnu-tools-for-stm32.11.3.rel1.win32_1.1.100.202309141235/tools/bin/../lib/gcc/arm-none-eabi/11.3.1/../../../../arm-none-eabi/lib/thumb/v7e-m+fp/hard\libc_nano.a(libc_a-findfp.o) (_fwalk_sglue)
C:/ST/STM32CubeIDE_1.14.1/STM32CubeIDE/plugins/com.st.stm32cube.ide.mcu.externaltools.gnu-tools-for-stm32.11.3.rel1.win32_1.1.100.202309141235/tools/bin/../lib/gcc/arm-none-eabi/11.3.1/../../../../arm-none-eabi/lib/thumb/v7e-m+fp/hard\libc_nano.a(libc_a-stdio.o)
                              C:/ST/STM32CubeIDE_1.14.1/STM32CubeIDE/plugins/com.st.stm32cube.ide.mcu.externaltools.gnu-tools-for-stm32.11.3.rel1.win32_1.1.100.202309141235/tools/bin/../lib/gcc/arm-none-eabi/11.3.1/../../../../arm-none-eabi/lib/thumb/v7e-m+fp/hard\libc_nano.a(libc_a-findfp.o) (__sread)
C:/ST/STM32CubeIDE_1.14.1/STM32CubeIDE/plugins/com.st.stm32cube.ide.mcu.externaltools.gnu-tools-for-stm32.11.3.rel1.win32_1.1.100.202309141235/tools/bin/../lib/gcc/arm-none-eabi/11.3.1/../../../../arm-none-eabi/lib/thumb/v7e-m+fp/hard\libc_nano.a(libc_a-memset.o)
                              C:/ST/STM32CubeIDE_1.14.1/STM32CubeIDE/plugins/com.st.stm32cube.ide.mcu.externaltools.gnu-tools-for-stm32.11.3.rel1.win32_1.1.100.202309141235/tools/bin/../lib/gcc/arm-none-eabi/11.3.1/../../../../arm-none-eabi/lib/thumb/v7e-m+fp/hard/crt0.o (memset)
C:/ST/STM32CubeIDE_1.14.1/STM32CubeIDE/plugins/com.st.stm32cube.ide.mcu.externaltools.gnu-tools-for-stm32.11.3.rel1.win32_1.1.100.202309141235/tools/bin/../lib/gcc/arm-none-eabi/11.3.1/../../../../arm-none-eabi/lib/thumb/v7e-m+fp/hard\libc_nano.a(libc_a-closer.o)
                              C:/ST/STM32CubeIDE_1.14.1/STM32CubeIDE/plugins/com.st.stm32cube.ide.mcu.externaltools.gnu-tools-for-stm32.11.3.rel1.win32_1.1.100.202309141235/tools/bin/../lib/gcc/arm-none-eabi/11.3.1/../../../../arm-none-eabi/lib/thumb/v7e-m+fp/hard\libc_nano.a(libc_a-stdio.o) (_close_r)
C:/ST/STM32CubeIDE_1.14.1/STM32CubeIDE/plugins/com.st.stm32cube.ide.mcu.externaltools.gnu-tools-for-stm32.11.3.rel1.win32_1.1.100.202309141235/tools/bin/../lib/gcc/arm-none-eabi/11.3.1/../../../../arm-none-eabi/lib/thumb/v7e-m+fp/hard\libc_nano.a(libc_a-reent.o)
                              C:/ST/STM32CubeIDE_1.14.1/STM32CubeIDE/plugins/com.st.stm32cube.ide.mcu.externaltools.gnu-tools-for-stm32.11.3.rel1.win32_1.1.100.202309141235/tools/bin/../lib/gcc/arm-none-eabi/11.3.1/../../../../arm-none-eabi/lib/thumb/v7e-m+fp/hard\libc_nano.a(libc_a-closer.o) (errno)
C:/ST/STM32CubeIDE_1.14.1/STM32CubeIDE/plugins/com.st.stm32cube.ide.mcu.externaltools.gnu-tools-for-stm32.11.3.rel1.win32_1.1.100.202309141235/tools/bin/../lib/gcc/arm-none-eabi/11.3.1/../../../../arm-none-eabi/lib/thumb/v7e-m+fp/hard\libc_nano.a(libc_a-impure.o)
                              C:/ST/STM32CubeIDE_1.14.1/STM32CubeIDE/plugins/com.st.stm32cube.ide.mcu.externaltools.gnu-tools-for-stm32.11.3.rel1.win32_1.1.100.202309141235/tools/bin/../lib/gcc/arm-none-eabi/11.3.1/../../../../arm-none-eabi/lib/thumb/v7e-m+fp/hard\libc_nano.a(libc_a-reent.o) (_impure_ptr)
C:/ST/STM32CubeIDE_1.14.1/STM32CubeIDE/plugins/com.st.stm32cube.ide.mcu.externaltools.gnu-tools-for-stm32.11.3.rel1.win32_1.1.100.202309141235/tools/bin/../lib/gcc/arm-none-eabi/11.3.1/../../../../arm-none-eabi/lib/thumb/v7e-m+fp/hard\libc_nano.a(libc_a-lseekr.o)
[...]
Memory Configuration

Name             Origin             Length             Attributes
CCMRAM           0x0000000010000000 0x0000000000004000 xrw
RAM              0x0000000020000000 0x0000000000010000 xrw
FLASH            0x0000000008000000 0x0000000000080000 xr
*default*        0x0000000000000000 0xffffffffffffffff

Linker script and memory map

LOAD C:/ST/STM32CubeIDE_1.14.1/STM32CubeIDE/plugins/com.st.stm32cube.ide.mcu.externaltools.gnu-tools-for-stm32.11.3.rel1.win32_1.1.100.202309141235/tools/bin/../lib/gcc/arm-none-eabi/11.3.1/thumb/v7e-m+fp/hard/crti.o
LOAD C:/ST/STM32CubeIDE_1.14.1/STM32CubeIDE/plugins/com.st.stm32cube.ide.mcu.externaltools.gnu-tools-for-stm32.11.3.rel1.win32_1.1.100.202309141235/tools/bin/../lib/gcc/arm-none-eabi/11.3.1/thumb/v7e-m+fp/hard/crtbegin.o
LOAD C:/ST/STM32CubeIDE_1.14.1/STM32CubeIDE/plugins/com.st.stm32cube.ide.mcu.externaltools.gnu-tools-for-stm32.11.3.rel1.win32_1.1.100.202309141235/tools/bin/../lib/gcc/arm-none-eabi/11.3.1/../../../../arm-none-eabi/lib/thumb/v7e-m+fp/hard/crt0.o
LOAD ./Core/Src/crc_driver.o
LOAD ./Core/Src/flash_driver.o
LOAD ./Core/Src/freertos.o
LOAD ./Core/Src/main.o
LOAD ./Core/Src/stm32f3xx_hal_msp.o
LOAD ./Core/Src/stm32f3xx_hal_timebase_tim.o
LOAD ./Core/Src/stm32f3xx_it.o
LOAD ./Core/Src/syscalls.o
LOAD ./Core/Src/sysmem.o
LOAD ./Core/Src/system_stm32f3xx.o
LOAD ./Core/Startup/startup_stm32f303retx.o
LOAD ./Drivers/STM32F3xx_HAL_Driver/Src/stm32f3xx_hal.o
LOAD ./Drivers/STM32F3xx_HAL_Driver/Src/stm32f3xx_hal_cortex.o
LOAD ./Drivers/STM32F3xx_HAL_Driver/Src/stm32f3xx_hal_dma.o
LOAD ./Drivers/STM32F3xx_HAL_Driver/Src/stm32f3xx_hal_exti.o
LOAD ./Drivers/STM32F3xx_HAL_Driver/Src/stm32f3xx_hal_flash.o
LOAD ./Drivers/STM32F3xx_HAL_Driver/Src/stm32f3xx_hal_flash_ex.o
LOAD ./Drivers/STM32F3xx_HAL_Driver/Src/stm32f3xx_hal_gpio.o
LOAD ./Drivers/STM32F3xx_HAL_Driver/Src/stm32f3xx_hal_i2c.o
LOAD ./Drivers/STM32F3xx_HAL_Driver/Src/stm32f3xx_hal_i2c_ex.o
LOAD ./Drivers/STM32F3xx_HAL_Driver/Src/stm32f3xx_hal_pwr.o
LOAD ./Drivers/STM32F3xx_HAL_Driver/Src/stm32f3xx_hal_pwr_ex.o
LOAD ./Drivers/STM32F3xx_HAL_Driver/Src/stm32f3xx_hal_rcc.o
LOAD ./Drivers/STM32F3xx_HAL_Driver/Src/stm32f3xx_hal_rcc_ex.o
LOAD ./Drivers/STM32F3xx_HAL_Driver/Src/stm32f3xx_hal_tim.o
LOAD ./Drivers/STM32F3xx_HAL_Driver/Src/stm32f3xx_hal_tim_ex.o
LOAD ./Drivers/STM32F3xx_HAL_Driver/Src/stm32f3xx_hal_uart.o
LOAD ./Drivers/STM32F3xx_HAL_Driver/Src/stm32f3xx_hal_uart_ex.o
LOAD ./Drivers/STM32F3xx_HAL_Driver/Src/stm32f3xx_hal_wwdg.o
LOAD ./Drivers/STM32F3xx_HAL_Driver/Src/stm32f3xx_ll_dma.o
LOAD ./Drivers/STM32F3xx_HAL_Driver/Src/stm32f3xx_ll_exti.o
LOAD ./Drivers/STM32F3xx_HAL_Driver/Src/stm32f3xx_ll_gpio.o
LOAD ./Drivers/STM32F3xx_HAL_Driver/Src/stm32f3xx_ll_rcc.o
LOAD ./Drivers/STM32F3xx_HAL_Driver/Src/stm32f3xx_ll_tim.o
LOAD ./Drivers/STM32F3xx_HAL_Driver/Src/stm32f3xx_ll_utils.o
LOAD ./Middlewares/Third_Party/FreeRTOS/Source/CMSIS_RTOS_V2/cmsis_os2.o
LOAD ./Middlewares/Third_Party/FreeRTOS/Source/croutine.o
LOAD ./Middlewares/Third_Party/FreeRTOS/Source/event_groups.o
LOAD ./Middlewares/Third_Party/FreeRTOS/Source/list.o
LOAD ./Middlewares/Third_Party/FreeRTOS/Source/queue.o
LOAD ./Middlewares/Third_Party/FreeRTOS/Source/stream_buffer.o
LOAD ./Middlewares/Third_Party/FreeRTOS/Source/tasks.o
LOAD ./Middlewares/Third_Party/FreeRTOS/Source/timers.o
LOAD ./Middlewares/Third_Party/FreeRTOS/Source/portable/GCC/ARM_CM4F/port.o
LOAD ./Middlewares/Third_Party/FreeRTOS/Source/portable/MemMang/heap_4.o
START GROUP
LOAD C:/ST/STM32CubeIDE_1.14.1/STM32CubeIDE/plugins/com.st.stm32cube.ide.mcu.externaltools.gnu-tools-for-stm32.11.3.rel1.win32_1.1.100.202309141235/tools/bin/../lib/gcc/arm-none-eabi/11.3.1/../../../../arm-none-eabi/lib/thumb/v7e-m+fp/hard\libc_nano.a
LOAD C:/ST/STM32CubeIDE_1.14.1/STM32CubeIDE/plugins/com.st.stm32cube.ide.mcu.externaltools.gnu-tools-for-stm32.11.3.rel1.win32_1.1.100.202309141235/tools/bin/../lib/gcc/arm-none-eabi/11.3.1/../../../../arm-none-eabi/lib/thumb/v7e-m+fp/hard\libm.a
END GROUP
START GROUP
LOAD C:/ST/STM32CubeIDE_1.14.1/STM32CubeIDE/plugins/com.st.stm32cube.ide.mcu.externaltools.gnu-tools-for-stm32.11.3.rel1.win32_1.1.100.202309141235/tools/bin/../lib/gcc/arm-none-eabi/11.3.1/thumb/v7e-m+fp/hard\libgcc.a
LOAD C:/ST/STM32CubeIDE_1.14.1/STM32CubeIDE/plugins/com.st.stm32cube.ide.mcu.externaltools.gnu-tools-for-stm32.11.3.rel1.win32_1.1.100.202309141235/tools/bin/../lib/gcc/arm-none-eabi/11.3.1/../../../../arm-none-eabi/lib/thumb/v7e-m+fp/hard\libc_nano.a
END GROUP
START GROUP
LOAD C:/ST/STM32CubeIDE_1.14.1/STM32CubeIDE/plugins/com.st.stm32cube.ide.mcu.externaltools.gnu-tools-for-stm32.11.3.rel1.win32_1.1.100.202309141235/tools/bin/../lib/gcc/arm-none-eabi/11.3.1/thumb/v7e-m+fp/hard\libgcc.a
LOAD C:/ST/STM32CubeIDE_1.14.1/STM32CubeIDE/plugins/com.st.stm32cube.ide.mcu.externaltools.gnu-tools-for-stm32.11.3.rel1.win32_1.1.100.202309141235/tools/bin/../lib/gcc/arm-none-eabi/11.3.1/../../../../arm-none-eabi/lib/thumb/v7e-m+fp/hard\libc_nano.a
LOAD C:/ST/STM32CubeIDE_1.14.1/STM32CubeIDE/plugins/com.st.stm32cube.ide.mcu.externaltools.gnu-tools-for-stm32.11.3.rel1.win32_1.1.100.202309141235/tools/bin/../lib/gcc/arm-none-eabi/11.3.1/../../../../arm-none-eabi/lib/thumb/v7e-m+fp/hard\libnosys.a
END GROUP
START GROUP
LOAD C:/ST/STM32CubeIDE_1.14.1/STM32CubeIDE/plugins/com.st.stm32cube.ide.mcu.externaltools.gnu-tools-for-stm32.11.3.rel1.win32_1.1.100.202309141235/tools/bin/../lib/gcc/arm-none-eabi/11.3.1/thumb/v7e-m+fp/hard\libgcc.a
LOAD C:/ST/STM32CubeIDE_1.14.1/STM32CubeIDE/plugins/com.st.stm32cube.ide.mcu.externaltools.gnu-tools-for-stm32.11.3.rel1.win32_1.1.100.202309141235/tools/bin/../lib/gcc/arm-none-eabi/11.3.1/../../../../arm-none-eabi/lib/thumb/v7e-m+fp/hard\libc_nano.a
LOAD C:/ST/STM32CubeIDE_1.14.1/STM32CubeIDE/plugins/com.st.stm32cube.ide.mcu.externaltools.gnu-tools-for-stm32.11.3.rel1.win32_1.1.100.202309141235/tools/bin/../lib/gcc/arm-none-eabi/11.3.1/../../../../arm-none-eabi/lib/thumb/v7e-m+fp/hard\libnosys.a
END GROUP
LOAD C:/ST/STM32CubeIDE_1.14.1/STM32CubeIDE/plugins/com.st.stm32cube.ide.mcu.externaltools.gnu-tools-for-stm32.11.3.rel1.win32_1.1.100.202309141235/tools/bin/../lib/gcc/arm-none-eabi/11.3.1/thumb/v7e-m+fp/hard/crtend.o
LOAD C:/ST/STM32CubeIDE_1.14.1/STM32CubeIDE/plugins/com.st.stm32cube.ide.mcu.externaltools.gnu-tools-for-stm32.11.3.rel1.win32_1.1.100.202309141235/tools/bin/../lib/gcc/arm-none-eabi/11.3.1/thumb/v7e-m+fp/hard/crtn.o
                0x0000000020010000                _estack = (ORIGIN (RAM) + LENGTH (RAM))
                0x0000000000000200                _Min_Heap_Size = 0x200
                0x0000000000000400                _Min_Stack_Size = 0x400

.isr_vector     0x0000000008000000      0x194
                0x0000000008000000                . = ALIGN (0x4)
 *(.isr_vector)
 .isr_vector    0x0000000008000000      0x194 ./Core/Startup/startup_stm32f303retx.o
                0x0000000008000000                g_pfnVectors
                0x0000000008000194                . = ALIGN (0x4)

.text           0x00000000080001a0     0x8128
                0x00000000080001a0                . = ALIGN (0x4)
 *(.text)
 .text          0x00000000080001a0       0x40 C:/ST/STM32CubeIDE_1.14.1/STM32CubeIDE/plugins/com.st.stm32cube.ide.mcu.externaltools.gnu-tools-for-stm32.11.3.rel1.win32_1.1.100.202309141235/tools/bin/../lib/gcc/arm-none-eabi/11.3.1/thumb/v7e-m+fp/hard/crtbegin.o
 *(.text*)
 .text.crc_append
                0x00000000080001e0       0x2c ./Core/Src/crc_driver.o
                0x00000000080001e0                crc_append
 .text.crc_xor  0x000000000800020c       0x4c ./Core/Src/crc_driver.o
                0x000000000800020c                crc_xor
 .text.crc_division
                0x0000000008000258       0xf4 ./Core/Src/crc_driver.o
                0x0000000008000258                crc_division
 .text.flash_write
                0x000000000800034c       0x6a ./Core/Src/flash_driver.o
                0x000000000800034c                flash_write
 .text.flash_read
                0x00000000080003b6       0x18 ./Core/Src/flash_driver.o
                0x00000000080003b6                flash_read
 *fill*         0x00000000080003ce        0x2 
 .text.__NVIC_GetPriorityGrouping
                0x00000000080003d0       0x1c ./Core/Src/main.o
 .text.__NVIC_EnableIRQ
                0x00000000080003ec       0x3c ./Core/Src/main.o
 .text.__NVIC_SetPriority
                0x0000000008000428       0x54 ./Core/Src/main.o
 .text.NVIC_EncodePriority
                0x000000000800047c       0x66 ./Core/Src/main.o
 .text.LL_TIM_EnableCounter
                0x00000000080004e2       0x20 ./Core/Src/main.o
 .text.LL_TIM_DisableCounter
                0x0000000008000502       0x20 ./Core/Src/main.o
 .text.LL_TIM_DisableARRPreload
                0x0000000008000522       0x20 ./Core/Src/main.o
 .text.LL_TIM_ClearFlag_UPDATE
                0x0000000008000542       0x1c ./Core/Src/main.o
 .text.LL_TIM_IsActiveFlag_UPDATE
                0x000000000800055e       0x26 ./Core/Src/main.o
 .text.LL_TIM_GenerateEvent_UPDATE
                0x0000000008000584       0x20 ./Core/Src/main.o
 .text.LL_APB2_GRP1_EnableClock
                0x00000000080005a4       0x30 ./Core/Src/main.o
 .text.crc_encode
                0x00000000080005d4       0xb0 ./Core/Src/main.o
                0x00000000080005d4                crc_encode
 .text.send_data
                0x0000000008000684       0x40 ./Core/Src/main.o
                0x0000000008000684                send_data
 .text.main     0x00000000080006c4       0x9c ./Core/Src/main.o
                0x00000000080006c4                main
 .text.SystemClock_Config
                0x0000000008000760       0xb0 ./Core/Src/main.o
                0x0000000008000760                SystemClock_Config
 .text.MX_TIM16_Init
                0x0000000008000810       0x7c ./Core/Src/main.o
 .text.MX_USART1_UART_Init
                0x000000000800088c       0x60 ./Core/Src/main.o
 .text.MX_USART2_UART_Init
                0x00000000080008ec       0x60 ./Core/Src/main.o
 .text.MX_WWDG_Init
                0x000000000800094c       0x40 ./Core/Src/main.o
 .text.MX_GPIO_Init
                0x000000000800098c       0xd8 ./Core/Src/main.o
 .text.StartRead02
                0x0000000008000a64      0x1c0 ./Core/Src/main.o
                0x0000000008000a64                StartRead02
 .text.StartWatchdog01
                0x0000000008000c24       0x48 ./Core/Src/main.o
                0x0000000008000c24                StartWatchdog01
 .text.StartFlash03
                0x0000000008000c6c       0xa0 ./Core/Src/main.o
                0x0000000008000c6c                StartFlash03
 .text.HAL_TIM_PeriodElapsedCallback
                0x0000000008000d0c       0x24 ./Core/Src/main.o
                0x0000000008000d0c                HAL_TIM_PeriodElapsedCallback
 .text.Error_Handler
                0x0000000008000d30        0xa ./Core/Src/main.o
                0x0000000008000d30                Error_Handler
 *fill*         0x0000000008000d3a        0x2 
 .text.HAL_MspInit
                0x0000000008000d3c       0x50 ./Core/Src/stm32f3xx_hal_msp.o
                0x0000000008000d3c                HAL_MspInit
 .text.HAL_UART_MspInit
                0x0000000008000d8c      0x108 ./Core/Src/stm32f3xx_hal_msp.o
                0x0000000008000d8c                HAL_UART_MspInit
 .text.HAL_WWDG_MspInit
                0x0000000008000e94       0x40 ./Core/Src/stm32f3xx_hal_msp.o
                0x0000000008000e94                HAL_WWDG_MspInit
 .text.HAL_InitTick
                0x0000000008000ed4       0xf4 ./Core/Src/stm32f3xx_hal_timebase_tim.o
                0x0000000008000ed4                HAL_InitTick
 .text.NMI_Handler
                0x0000000008000fc8        0x6 ./Core/Src/stm32f3xx_it.o
                0x0000000008000fc8                NMI_Handler
 .text.HardFault_Handler
                0x0000000008000fce        0x6 ./Core/Src/stm32f3xx_it.o
                0x0000000008000fce                HardFault_Handler
 .text.MemManage_Handler
                0x0000000008000fd4        0x6 ./Core/Src/stm32f3xx_it.o
                0x0000000008000fd4                MemManage_Handler
 .text.BusFault_Handler
                0x0000000008000fda        0x6 ./Core/Src/stm32f3xx_it.o
                0x0000000008000fda                BusFault_Handler
 .text.UsageFault_Handler
                0x0000000008000fe0        0x6 ./Core/Src/stm32f3xx_it.o
                0x0000000008000fe0                UsageFault_Handler
 .text.DebugMon_Handler
                0x0000000008000fe6        0xe ./Core/Src/stm32f3xx_it.o
                0x0000000008000fe6                DebugMon_Handler
 .text.EXTI2_TSC_IRQHandler
                0x0000000008000ff4        0xe ./Core/Src/stm32f3xx_it.o
                0x0000000008000ff4                EXTI2_TSC_IRQHandler
 .text.EXTI3_IRQHandler
                0x0000000008001002        0xe ./Core/Src/stm32f3xx_it.o
                0x0000000008001002                EXTI3_IRQHandler
 .text.TIM1_UP_TIM16_IRQHandler
                0x0000000008001010        0xe ./Core/Src/stm32f3xx_it.o
                0x0000000008001010                TIM1_UP_TIM16_IRQHandler
 *fill*         0x000000000800101e        0x2 
 .text.USART1_IRQHandler
                0x0000000008001020       0x14 ./Core/Src/stm32f3xx_it.o
                0x0000000008001020                USART1_IRQHandler
 .text.USART2_IRQHandler
                0x0000000008001034       0x14 ./Core/Src/stm32f3xx_it.o
                0x0000000008001034                USART2_IRQHandler
 .text.EXTI15_10_IRQHandler
                0x0000000008001048       0x18 ./Core/Src/stm32f3xx_it.o
                0x0000000008001048                EXTI15_10_IRQHandler
 .text.TIM6_DAC_IRQHandler
                0x0000000008001060       0x14 ./Core/Src/stm32f3xx_it.o
                0x0000000008001060                TIM6_DAC_IRQHandler
 .text.SystemInit
                0x0000000008001074       0x24 ./Core/Src/system_stm32f3xx.o
                0x0000000008001074                SystemInit
 .text.Reset_Handler
                0x0000000008001098       0x50 ./Core/Startup/startup_stm32f303retx.o
                0x0000000008001098                Reset_Handler
 .text.Default_Handler
                0x00000000080010e8        0x2 ./Core/Startup/startup_stm32f303retx.o
                0x00000000080010e8                RTC_Alarm_IRQHandler
                0x00000000080010e8                TIM8_TRG_COM_IRQHandler
                0x00000000080010e8                TIM8_CC_IRQHandler
                0x00000000080010e8                SPI4_IRQHandler
                0x00000000080010e8                TIM1_CC_IRQHandler
                0x00000000080010e8                USB_HP_IRQHandler
                0x00000000080010e8                PVD_IRQHandler
                0x00000000080010e8                TAMP_STAMP_IRQHandler
                0x00000000080010e8                I2C3_ER_IRQHandler
                0x00000000080010e8                USB_HP_CAN_TX_IRQHandler
                0x00000000080010e8                EXTI0_IRQHandler
                0x00000000080010e8                I2C2_EV_IRQHandler
                0x00000000080010e8                FPU_IRQHandler
                0x00000000080010e8                ADC1_2_IRQHandler
                0x00000000080010e8                SPI1_IRQHandler
                0x00000000080010e8                CAN_SCE_IRQHandler
                0x00000000080010e8                TIM8_UP_IRQHandler
                0x00000000080010e8                DMA2_Channel2_IRQHandler
                0x00000000080010e8                DMA1_Channel4_IRQHandler
                0x00000000080010e8                TIM20_TRG_COM_IRQHandler
                0x00000000080010e8                USART3_IRQHandler
                0x00000000080010e8                DMA1_Channel7_IRQHandler
                0x00000000080010e8                UART5_IRQHandler
                0x00000000080010e8                ADC3_IRQHandler
                0x00000000080010e8                TIM4_IRQHandler
                0x00000000080010e8                CAN_RX1_IRQHandler
                0x00000000080010e8                DMA2_Channel1_IRQHandler
                0x00000000080010e8                I2C1_EV_IRQHandler
                0x00000000080010e8                DMA1_Channel6_IRQHandler
                0x00000000080010e8                UART4_IRQHandler
                0x00000000080010e8                DMA2_Channel4_IRQHandler
                0x00000000080010e8                TIM3_IRQHandler
                0x00000000080010e8                RCC_IRQHandler
                0x00000000080010e8                TIM20_UP_IRQHandler
                0x00000000080010e8                DMA1_Channel1_IRQHandler
                0x00000000080010e8                Default_Handler
                0x00000000080010e8                USBWakeUp_RMP_IRQHandler
                0x00000000080010e8                TIM7_IRQHandler
                0x00000000080010e8                I2C3_EV_IRQHandler
                0x00000000080010e8                EXTI9_5_IRQHandler
                0x00000000080010e8                RTC_WKUP_IRQHandler
                0x00000000080010e8                SPI2_IRQHandler
                0x00000000080010e8                USB_LP_CAN_RX0_IRQHandler
                0x00000000080010e8                DMA2_Channel5_IRQHandler
                0x00000000080010e8                DMA1_Channel5_IRQHandler
                0x00000000080010e8                USB_LP_IRQHandler
                0x00000000080010e8                EXTI4_IRQHandler
                0x00000000080010e8                TIM1_TRG_COM_TIM17_IRQHandler
                0x00000000080010e8                DMA1_Channel3_IRQHandler
                0x00000000080010e8                ADC4_IRQHandler
                0x00000000080010e8                WWDG_IRQHandler
                0x00000000080010e8                TIM2_IRQHandler
                0x00000000080010e8                COMP7_IRQHandler
                0x00000000080010e8                COMP1_2_3_IRQHandler
                0x00000000080010e8                EXTI1_IRQHandler
                0x00000000080010e8                COMP4_5_6_IRQHandler
                0x00000000080010e8                TIM20_BRK_IRQHandler
                0x00000000080010e8                I2C2_ER_IRQHandler
                0x00000000080010e8                DMA1_Channel2_IRQHandler
                0x00000000080010e8                TIM8_BRK_IRQHandler
                0x00000000080010e8                FLASH_IRQHandler
                0x00000000080010e8                TIM20_CC_IRQHandler
                0x00000000080010e8                SPI3_IRQHandler
                0x00000000080010e8                I2C1_ER_IRQHandler
                0x00000000080010e8                FMC_IRQHandler
                0x00000000080010e8                USBWakeUp_IRQHandler
                0x00000000080010e8                DMA2_Channel3_IRQHandler
                0x00000000080010e8                TIM1_BRK_TIM15_IRQHandler
 *fill*         0x00000000080010ea        0x2 
 .text.HAL_Init
                0x00000000080010ec       0x2c ./Drivers/STM32F3xx_HAL_Driver/Src/stm32f3xx_hal.o
                0x00000000080010ec                HAL_Init
 .text.HAL_IncTick
                0x0000000008001118       0x28 ./Drivers/STM32F3xx_HAL_Driver/Src/stm32f3xx_hal.o
                0x0000000008001118                HAL_IncTick
 .text.HAL_GetTick
                0x0000000008001140       0x18 ./Drivers/STM32F3xx_HAL_Driver/Src/stm32f3xx_hal.o
                0x0000000008001140                HAL_GetTick
 .text.__NVIC_SetPriorityGrouping
                0x0000000008001158       0x48 ./Drivers/STM32F3xx_HAL_Driver/Src/stm32f3xx_hal_cortex.o
 .text.__NVIC_GetPriorityGrouping
                0x00000000080011a0       0x1c ./Drivers/STM32F3xx_HAL_Driver/Src/stm32f3xx_hal_cortex.o
 .text.__NVIC_EnableIRQ
                0x00000000080011bc       0x3c ./Drivers/STM32F3xx_HAL_Driver/Src/stm32f3xx_hal_cortex.o
 .text.__NVIC_SetPriority
                0x00000000080011f8       0x54 ./Drivers/STM32F3xx_HAL_Driver/Src/stm32f3xx_hal_cortex.o
 .text.NVIC_EncodePriority
                0x000000000800124c       0x66 ./Drivers/STM32F3xx_HAL_Driver/Src/stm32f3xx_hal_cortex.o
 .text.HAL_NVIC_SetPriorityGrouping
                0x00000000080012b2       0x16 ./Drivers/STM32F3xx_HAL_Driver/Src/stm32f3xx_hal_cortex.o
                0x00000000080012b2                HAL_NVIC_SetPriorityGrouping
 .text.HAL_NVIC_SetPriority
                0x00000000080012c8       0x38 ./Drivers/STM32F3xx_HAL_Driver/Src/stm32f3xx_hal_cortex.o
                0x00000000080012c8                HAL_NVIC_SetPriority
 .text.HAL_NVIC_EnableIRQ
                0x0000000008001300       0x1c ./Drivers/STM32F3xx_HAL_Driver/Src/stm32f3xx_hal_cortex.o
                0x0000000008001300                HAL_NVIC_EnableIRQ
 .text.HAL_DMA_Abort
                0x000000000800131c       0x7c ./Drivers/STM32F3xx_HAL_Driver/Src/stm32f3xx_hal_dma.o
                0x000000000800131c                HAL_DMA_Abort
 .text.HAL_DMA_Abort_IT
                0x0000000008001398       0x7c ./Drivers/STM32F3xx_HAL_Driver/Src/stm32f3xx_hal_dma.o
                0x0000000008001398                HAL_DMA_Abort_IT
 .text.HAL_FLASH_Program
                0x0000000008001414       0xe0 ./Drivers/STM32F3xx_HAL_Driver/Src/stm32f3xx_hal_flash.o
                0x0000000008001414                HAL_FLASH_Program
 .text.HAL_FLASH_Unlock
                0x00000000080014f4       0x4c ./Drivers/STM32F3xx_HAL_Driver/Src/stm32f3xx_hal_flash.o
                0x00000000080014f4                HAL_FLASH_Unlock
 .text.HAL_FLASH_Lock
                0x0000000008001540       0x20 ./Drivers/STM32F3xx_HAL_Driver/Src/stm32f3xx_hal_flash.o
                0x0000000008001540                HAL_FLASH_Lock
 .text.FLASH_Program_HalfWord
                0x0000000008001560       0x38 ./Drivers/STM32F3xx_HAL_Driver/Src/stm32f3xx_hal_flash.o
 .text.FLASH_WaitForLastOperation
                0x0000000008001598       0x80 ./Drivers/STM32F3xx_HAL_Driver/Src/stm32f3xx_hal_flash.o
                0x0000000008001598                FLASH_WaitForLastOperation
 .text.FLASH_SetErrorCode
                0x0000000008001618       0x64 ./Drivers/STM32F3xx_HAL_Driver/Src/stm32f3xx_hal_flash.o
 .text.HAL_FLASHEx_Erase
                0x000000000800167c       0xd4 ./Drivers/STM32F3xx_HAL_Driver/Src/stm32f3xx_hal_flash_ex.o
                0x000000000800167c                HAL_FLASHEx_Erase
 .text.FLASH_MassErase
                0x0000000008001750       0x34 ./Drivers/STM32F3xx_HAL_Driver/Src/stm32f3xx_hal_flash_ex.o
 .text.FLASH_PageErase
                0x0000000008001784       0x40 ./Drivers/STM32F3xx_HAL_Driver/Src/stm32f3xx_hal_flash_ex.o
                0x0000000008001784                FLASH_PageErase
 .text.HAL_GPIO_Init
                0x00000000080017c4      0x314 ./Drivers/STM32F3xx_HAL_Driver/Src/stm32f3xx_hal_gpio.o
                0x00000000080017c4                HAL_GPIO_Init
 .text.HAL_GPIO_ReadPin
                0x0000000008001ad8       0x30 ./Drivers/STM32F3xx_HAL_Driver/Src/stm32f3xx_hal_gpio.o
                0x0000000008001ad8                HAL_GPIO_ReadPin
 .text.HAL_GPIO_EXTI_IRQHandler
                0x0000000008001b08       0x30 ./Drivers/STM32F3xx_HAL_Driver/Src/stm32f3xx_hal_gpio.o
                0x0000000008001b08                HAL_GPIO_EXTI_IRQHandler
 .text.HAL_GPIO_EXTI_Callback
                0x0000000008001b38       0x16 ./Drivers/STM32F3xx_HAL_Driver/Src/stm32f3xx_hal_gpio.o
                0x0000000008001b38                HAL_GPIO_EXTI_Callback
 *fill*         0x0000000008001b4e        0x2 
 .text.HAL_RCC_OscConfig
                0x0000000008001b50     0x10a8 ./Drivers/STM32F3xx_HAL_Driver/Src/stm32f3xx_hal_rcc.o
                0x0000000008001b50                HAL_RCC_OscConfig
 .text.HAL_RCC_ClockConfig
                0x0000000008002bf8      0x2f8 ./Drivers/STM32F3xx_HAL_Driver/Src/stm32f3xx_hal_rcc.o
                0x0000000008002bf8                HAL_RCC_ClockConfig
 .text.HAL_RCC_GetSysClockFreq
                0x0000000008002ef0       0xa8 ./Drivers/STM32F3xx_HAL_Driver/Src/stm32f3xx_hal_rcc.o
                0x0000000008002ef0                HAL_RCC_GetSysClockFreq
 .text.HAL_RCC_GetHCLKFreq
                0x0000000008002f98       0x18 ./Drivers/STM32F3xx_HAL_Driver/Src/stm32f3xx_hal_rcc.o
                0x0000000008002f98                HAL_RCC_GetHCLKFreq
 .text.HAL_RCC_GetPCLK1Freq
                0x0000000008002fb0       0x44 ./Drivers/STM32F3xx_HAL_Driver/Src/stm32f3xx_hal_rcc.o
                0x0000000008002fb0                HAL_RCC_GetPCLK1Freq
 .text.HAL_RCC_GetPCLK2Freq
                0x0000000008002ff4       0x44 ./Drivers/STM32F3xx_HAL_Driver/Src/stm32f3xx_hal_rcc.o
                0x0000000008002ff4                HAL_RCC_GetPCLK2Freq
 .text.HAL_RCC_GetClockConfig
                0x0000000008003038       0x64 ./Drivers/STM32F3xx_HAL_Driver/Src/stm32f3xx_hal_rcc.o
                0x0000000008003038                HAL_RCC_GetClockConfig
 .text.HAL_RCCEx_PeriphCLKConfig
                0x000000000800309c      0x43c ./Drivers/STM32F3xx_HAL_Driver/Src/stm32f3xx_hal_rcc_ex.o
                0x000000000800309c                HAL_RCCEx_PeriphCLKConfig
 .text.HAL_TIM_Base_Init
                0x00000000080034d8       0xae ./Drivers/STM32F3xx_HAL_Driver/Src/stm32f3xx_hal_tim.o
                0x00000000080034d8                HAL_TIM_Base_Init
 .text.HAL_TIM_Base_MspInit
                0x0000000008003586       0x14 ./Drivers/STM32F3xx_HAL_Driver/Src/stm32f3xx_hal_tim.o
                0x0000000008003586                HAL_TIM_Base_MspInit
 *fill*         0x000000000800359a        0x2 
 .text.HAL_TIM_Base_Start_IT
                0x000000000800359c       0xe0 ./Drivers/STM32F3xx_HAL_Driver/Src/stm32f3xx_hal_tim.o
                0x000000000800359c                HAL_TIM_Base_Start_IT
 .text.HAL_TIM_IRQHandler
                0x000000000800367c      0x204 ./Drivers/STM32F3xx_HAL_Driver/Src/stm32f3xx_hal_tim.o
                0x000000000800367c                HAL_TIM_IRQHandler
 .text.HAL_TIM_OC_DelayElapsedCallback
                0x0000000008003880       0x14 ./Drivers/STM32F3xx_HAL_Driver/Src/stm32f3xx_hal_tim.o
                0x0000000008003880                HAL_TIM_OC_DelayElapsedCallback
 .text.HAL_TIM_IC_CaptureCallback
                0x0000000008003894       0x14 ./Drivers/STM32F3xx_HAL_Driver/Src/stm32f3xx_hal_tim.o
                0x0000000008003894                HAL_TIM_IC_CaptureCallback
 .text.HAL_TIM_PWM_PulseFinishedCallback
                0x00000000080038a8       0x14 ./Drivers/STM32F3xx_HAL_Driver/Src/stm32f3xx_hal_tim.o
                0x00000000080038a8                HAL_TIM_PWM_PulseFinishedCallback
 .text.HAL_TIM_TriggerCallback
                0x00000000080038bc       0x14 ./Drivers/STM32F3xx_HAL_Driver/Src/stm32f3xx_hal_tim.o
                0x00000000080038bc                HAL_TIM_TriggerCallback
 .text.TIM_Base_SetConfig
                0x00000000080038d0      0x154 ./Drivers/STM32F3xx_HAL_Driver/Src/stm32f3xx_hal_tim.o
                0x00000000080038d0                TIM_Base_SetConfig
 .text.HAL_TIMEx_CommutCallback
                0x0000000008003a24       0x14 ./Drivers/STM32F3xx_HAL_Driver/Src/stm32f3xx_hal_tim_ex.o
                0x0000000008003a24                HAL_TIMEx_CommutCallback
 .text.HAL_TIMEx_BreakCallback
                0x0000000008003a38       0x14 ./Drivers/STM32F3xx_HAL_Driver/Src/stm32f3xx_hal_tim_ex.o
                0x0000000008003a38                HAL_TIMEx_BreakCallback
 .text.HAL_TIMEx_Break2Callback
                0x0000000008003a4c       0x14 ./Drivers/STM32F3xx_HAL_Driver/Src/stm32f3xx_hal_tim_ex.o
                0x0000000008003a4c                HAL_TIMEx_Break2Callback
 .text.HAL_UART_Init
                0x0000000008003a60       0x9c ./Drivers/STM32F3xx_HAL_Driver/Src/stm32f3xx_hal_uart.o
                0x0000000008003a60                HAL_UART_Init
 .text.HAL_UART_Transmit
                0x0000000008003afc      0x114 ./Drivers/STM32F3xx_HAL_Driver/Src/stm32f3xx_hal_uart.o
                0x0000000008003afc                HAL_UART_Transmit
 .text.HAL_UART_IRQHandler
                0x0000000008003c10      0x5cc ./Drivers/STM32F3xx_HAL_Driver/Src/stm32f3xx_hal_uart.o
                0x0000000008003c10                HAL_UART_IRQHandler
 .text.HAL_UART_TxCpltCallback
                0x00000000080041dc       0x14 ./Drivers/STM32F3xx_HAL_Driver/Src/stm32f3xx_hal_uart.o
                0x00000000080041dc                HAL_UART_TxCpltCallback
 .text.HAL_UART_ErrorCallback
                0x00000000080041f0       0x14 ./Drivers/STM32F3xx_HAL_Driver/Src/stm32f3xx_hal_uart.o
                0x00000000080041f0                HAL_UART_ErrorCallback
 .text.HAL_UARTEx_RxEventCallback
                0x0000000008004204       0x18 ./Drivers/STM32F3xx_HAL_Driver/Src/stm32f3xx_hal_uart.o
                0x0000000008004204                HAL_UARTEx_RxEventCallback
 .text.UART_SetConfig
                0x000000000800421c      0x3a8 ./Drivers/STM32F3xx_HAL_Driver/Src/stm32f3xx_hal_uart.o
                0x000000000800421c                UART_SetConfig
 .text.UART_AdvFeatureConfig
                0x00000000080045c4      0x144 ./Drivers/STM32F3xx_HAL_Driver/Src/stm32f3xx_hal_uart.o
                0x00000000080045c4                UART_AdvFeatureConfig
 .text.UART_CheckIdleState
                0x0000000008004708      0x150 ./Drivers/STM32F3xx_HAL_Driver/Src/stm32f3xx_hal_uart.o
                0x0000000008004708                UART_CheckIdleState
 .text.UART_WaitOnFlagUntilTimeout
                0x0000000008004858       0xda ./Drivers/STM32F3xx_HAL_Driver/Src/stm32f3xx_hal_uart.o
                0x0000000008004858                UART_WaitOnFlagUntilTimeout
 .text.UART_EndRxTransfer
                0x0000000008004932       0xc8 ./Drivers/STM32F3xx_HAL_Driver/Src/stm32f3xx_hal_uart.o
 .text.UART_DMAAbortOnError
                0x00000000080049fa       0x2c ./Drivers/STM32F3xx_HAL_Driver/Src/stm32f3xx_hal_uart.o
 .text.UART_EndTransmit_IT
                0x0000000008004a26       0x54 ./Drivers/STM32F3xx_HAL_Driver/Src/stm32f3xx_hal_uart.o
 .text.HAL_UARTEx_WakeupCallback
                0x0000000008004a7a       0x14 ./Drivers/STM32F3xx_HAL_Driver/Src/stm32f3xx_hal_uart_ex.o
                0x0000000008004a7a                HAL_UARTEx_WakeupCallback
 .text.HAL_WWDG_Init
                0x0000000008004a8e       0x48 ./Drivers/STM32F3xx_HAL_Driver/Src/stm32f3xx_hal_wwdg.o
                0x0000000008004a8e                HAL_WWDG_Init
 .text.HAL_WWDG_Refresh
                0x0000000008004ad6       0x20 ./Drivers/STM32F3xx_HAL_Driver/Src/stm32f3xx_hal_wwdg.o
                0x0000000008004ad6                HAL_WWDG_Refresh
 .text.LL_TIM_SetPrescaler
                0x0000000008004af6       0x1c ./Drivers/STM32F3xx_HAL_Driver/Src/stm32f3xx_ll_tim.o
 .text.LL_TIM_SetAutoReload
                0x0000000008004b12       0x1c ./Drivers/STM32F3xx_HAL_Driver/Src/stm32f3xx_ll_tim.o
 .text.LL_TIM_SetRepetitionCounter
                0x0000000008004b2e       0x1c ./Drivers/STM32F3xx_HAL_Driver/Src/stm32f3xx_ll_tim.o
 .text.LL_TIM_GenerateEvent_UPDATE
                0x0000000008004b4a       0x20 ./Drivers/STM32F3xx_HAL_Driver/Src/stm32f3xx_ll_tim.o
 *fill*         0x0000000008004b6a        0x2 
 .text.LL_TIM_Init
                0x0000000008004b6c      0x130 ./Drivers/STM32F3xx_HAL_Driver/Src/stm32f3xx_ll_tim.o
                0x0000000008004b6c                LL_TIM_Init
 .text.osKernelInitialize
                0x0000000008004c9c       0x68 ./Middlewares/Third_Party/FreeRTOS/Source/CMSIS_RTOS_V2/cmsis_os2.o
                0x0000000008004c9c                osKernelInitialize
 .text.osKernelStart
                0x0000000008004d04       0x68 ./Middlewares/Third_Party/FreeRTOS/Source/CMSIS_RTOS_V2/cmsis_os2.o
                0x0000000008004d04                osKernelStart
 .text.osThreadNew
                0x0000000008004d6c      0x154 ./Middlewares/Third_Party/FreeRTOS/Source/CMSIS_RTOS_V2/cmsis_os2.o
                0x0000000008004d6c                osThreadNew
 .text.osDelay  0x0000000008004ec0       0x5c ./Middlewares/Third_Party/FreeRTOS/Source/CMSIS_RTOS_V2/cmsis_os2.o
                0x0000000008004ec0                osDelay
 .text.osSemaphoreNew
                0x0000000008004f1c      0x138 ./Middlewares/Third_Party/FreeRTOS/Source/CMSIS_RTOS_V2/cmsis_os2.o
                0x0000000008004f1c                osSemaphoreNew
 .text.osSemaphoreAcquire
                0x0000000008005054       0xcc ./Middlewares/Third_Party/FreeRTOS/Source/CMSIS_RTOS_V2/cmsis_os2.o
                0x0000000008005054                osSemaphoreAcquire
 .text.osSemaphoreRelease
                0x0000000008005120       0xb0 ./Middlewares/Third_Party/FreeRTOS/Source/CMSIS_RTOS_V2/cmsis_os2.o
                0x0000000008005120                osSemaphoreRelease
 .text.vApplicationGetIdleTaskMemory
                0x00000000080051d0       0x34 ./Middlewares/Third_Party/FreeRTOS/Source/CMSIS_RTOS_V2/cmsis_os2.o
                0x00000000080051d0                vApplicationGetIdleTaskMemory
 .text.vApplicationGetTimerTaskMemory
                0x0000000008005204       0x34 ./Middlewares/Third_Party/FreeRTOS/Source/CMSIS_RTOS_V2/cmsis_os2.o
                0x0000000008005204                vApplicationGetTimerTaskMemory
 .text.vListInitialise
                0x0000000008005238       0x40 ./Middlewares/Third_Party/FreeRTOS/Source/list.o
                0x0000000008005238                vListInitialise
 .text.vListInitialiseItem
                0x0000000008005278       0x1a ./Middlewares/Third_Party/FreeRTOS/Source/list.o
                0x0000000008005278                vListInitialiseItem
 .text.vListInsertEnd
                0x0000000008005292       0x48 ./Middlewares/Third_Party/FreeRTOS/Source/list.o
                0x0000000008005292                vListInsertEnd
 .text.vListInsert
                0x00000000080052da       0x72 ./Middlewares/Third_Party/FreeRTOS/Source/list.o
                0x00000000080052da                vListInsert
 .text.uxListRemove
                0x000000000800534c       0x54 ./Middlewares/Third_Party/FreeRTOS/Source/list.o
                0x000000000800534c                uxListRemove
 .text.xQueueGenericReset
                0x00000000080053a0       0xd0 ./Middlewares/Third_Party/FreeRTOS/Source/queue.o
                0x00000000080053a0                xQueueGenericReset
 .text.xQueueGenericCreateStatic
                0x0000000008005470       0xee ./Middlewares/Third_Party/FreeRTOS/Source/queue.o
                0x0000000008005470                xQueueGenericCreateStatic
 .text.xQueueGenericCreate
                0x000000000800555e       0x7c ./Middlewares/Third_Party/FreeRTOS/Source/queue.o
                0x000000000800555e                xQueueGenericCreate
 .text.prvInitialiseNewQueue
                0x00000000080055da       0x46 ./Middlewares/Third_Party/FreeRTOS/Source/queue.o
 .text.xQueueCreateCountingSemaphoreStatic
                0x0000000008005620       0x6e ./Middlewares/Third_Party/FreeRTOS/Source/queue.o
                0x0000000008005620                xQueueCreateCountingSemaphoreStatic
 .text.xQueueCreateCountingSemaphore
                0x000000000800568e       0x66 ./Middlewares/Third_Party/FreeRTOS/Source/queue.o
                0x000000000800568e                xQueueCreateCountingSemaphore
 .text.xQueueGenericSend
                0x00000000080056f4      0x1fc ./Middlewares/Third_Party/FreeRTOS/Source/queue.o
                0x00000000080056f4                xQueueGenericSend
 .text.xQueueGenericSendFromISR
                0x00000000080058f0      0x130 ./Middlewares/Third_Party/FreeRTOS/Source/queue.o
                0x00000000080058f0                xQueueGenericSendFromISR
 .text.xQueueGiveFromISR
                0x0000000008005a20      0x11a ./Middlewares/Third_Party/FreeRTOS/Source/queue.o
                0x0000000008005a20                xQueueGiveFromISR
 *fill*         0x0000000008005b3a        0x2 
 .text.xQueueReceive
                0x0000000008005b3c      0x1c0 ./Middlewares/Third_Party/FreeRTOS/Source/queue.o
                0x0000000008005b3c                xQueueReceive
 .text.xQueueSemaphoreTake
                0x0000000008005cfc      0x218 ./Middlewares/Third_Party/FreeRTOS/Source/queue.o
                0x0000000008005cfc                xQueueSemaphoreTake
 .text.xQueueReceiveFromISR
                0x0000000008005f14      0x100 ./Middlewares/Third_Party/FreeRTOS/Source/queue.o
                0x0000000008005f14                xQueueReceiveFromISR
 .text.vQueueDelete
                0x0000000008006014       0x46 ./Middlewares/Third_Party/FreeRTOS/Source/queue.o
                0x0000000008006014                vQueueDelete
 .text.prvGetDisinheritPriorityAfterTimeout
                0x000000000800605a       0x30 ./Middlewares/Third_Party/FreeRTOS/Source/queue.o
 .text.prvCopyDataToQueue
                0x000000000800608a       0xd4 ./Middlewares/Third_Party/FreeRTOS/Source/queue.o
 .text.prvCopyDataFromQueue
                0x000000000800615e       0x4c ./Middlewares/Third_Party/FreeRTOS/Source/queue.o
 .text.prvUnlockQueue
                0x00000000080061aa       0xa4 ./Middlewares/Third_Party/FreeRTOS/Source/queue.o
 .text.prvIsQueueEmpty
                0x000000000800624e       0x2c ./Middlewares/Third_Party/FreeRTOS/Source/queue.o
 .text.prvIsQueueFull
                0x000000000800627a       0x30 ./Middlewares/Third_Party/FreeRTOS/Source/queue.o
 *fill*         0x00000000080062aa        0x2 
 .text.vQueueAddToRegistry
                0x00000000080062ac       0x54 ./Middlewares/Third_Party/FreeRTOS/Source/queue.o
                0x00000000080062ac                vQueueAddToRegistry
 .text.vQueueUnregisterQueue
                0x0000000008006300       0x54 ./Middlewares/Third_Party/FreeRTOS/Source/queue.o
                0x0000000008006300                vQueueUnregisterQueue
 .text.vQueueWaitForMessageRestricted
                0x0000000008006354       0x68 ./Middlewares/Third_Party/FreeRTOS/Source/queue.o
                0x0000000008006354                vQueueWaitForMessageRestricted
 .text.xTaskCreateStatic
                0x00000000080063bc       0xb8 ./Middlewares/Third_Party/FreeRTOS/Source/tasks.o
                0x00000000080063bc                xTaskCreateStatic
 .text.xTaskCreate
                0x0000000008006474       0x8a ./Middlewares/Third_Party/FreeRTOS/Source/tasks.o
                0x0000000008006474                xTaskCreate
 .text.prvInitialiseNewTask
                0x00000000080064fe      0x10e ./Middlewares/Third_Party/FreeRTOS/Source/tasks.o
 .text.prvAddNewTaskToReadyList
                0x000000000800660c       0xe0 ./Middlewares/Third_Party/FreeRTOS/Source/tasks.o
 .text.vTaskDelay
                0x00000000080066ec       0x68 ./Middlewares/Third_Party/FreeRTOS/Source/tasks.o
                0x00000000080066ec                vTaskDelay
 .text.vTaskStartScheduler
                0x0000000008006754       0xcc ./Middlewares/Third_Party/FreeRTOS/Source/tasks.o
                0x0000000008006754                vTaskStartScheduler
 .text.vTaskSuspendAll
                0x0000000008006820       0x1c ./Middlewares/Third_Party/FreeRTOS/Source/tasks.o
                0x0000000008006820                vTaskSuspendAll
 .text.xTaskResumeAll
                0x000000000800683c      0x13c ./Middlewares/Third_Party/FreeRTOS/Source/tasks.o
                0x000000000800683c                xTaskResumeAll
 .text.xTaskGetTickCount
                0x0000000008006978       0x20 ./Middlewares/Third_Party/FreeRTOS/Source/tasks.o
                0x0000000008006978                xTaskGetTickCount
 .text.xTaskIncrementTick
                0x0000000008006998      0x17c ./Middlewares/Third_Party/FreeRTOS/Source/tasks.o
                0x0000000008006998                xTaskIncrementTick
 .text.vTaskSwitchContext
                0x0000000008006b14       0xbc ./Middlewares/Third_Party/FreeRTOS/Source/tasks.o
                0x0000000008006b14                vTaskSwitchContext
 .text.vTaskPlaceOnEventList
                0x0000000008006bd0       0x48 ./Middlewares/Third_Party/FreeRTOS/Source/tasks.o
                0x0000000008006bd0                vTaskPlaceOnEventList
 .text.vTaskPlaceOnEventListRestricted
                0x0000000008006c18       0x58 ./Middlewares/Third_Party/FreeRTOS/Source/tasks.o
                0x0000000008006c18                vTaskPlaceOnEventListRestricted
 .text.xTaskRemoveFromEventList
                0x0000000008006c70       0xc8 ./Middlewares/Third_Party/FreeRTOS/Source/tasks.o
                0x0000000008006c70                xTaskRemoveFromEventList
 .text.vTaskInternalSetTimeOutState
                0x0000000008006d38       0x2c ./Middlewares/Third_Party/FreeRTOS/Source/tasks.o
                0x0000000008006d38                vTaskInternalSetTimeOutState
 .text.xTaskCheckForTimeOut
                0x0000000008006d64       0xc4 ./Middlewares/Third_Party/FreeRTOS/Source/tasks.o
                0x0000000008006d64                xTaskCheckForTimeOut
 .text.vTaskMissedYield
                0x0000000008006e28       0x18 ./Middlewares/Third_Party/FreeRTOS/Source/tasks.o
                0x0000000008006e28                vTaskMissedYield
 .text.prvIdleTask
                0x0000000008006e40       0x30 ./Middlewares/Third_Party/FreeRTOS/Source/tasks.o
 .text.prvInitialiseTaskLists
                0x0000000008006e70       0x80 ./Middlewares/Third_Party/FreeRTOS/Source/tasks.o
 .text.prvCheckTasksWaitingTermination
                0x0000000008006ef0       0x5c ./Middlewares/Third_Party/FreeRTOS/Source/tasks.o
 .text.prvDeleteTCB
                0x0000000008006f4c       0x5e ./Middlewares/Third_Party/FreeRTOS/Source/tasks.o
 *fill*         0x0000000008006faa        0x2 
 .text.prvResetNextTaskUnblockTime
                0x0000000008006fac       0x4c ./Middlewares/Third_Party/FreeRTOS/Source/tasks.o
 .text.xTaskGetSchedulerState
                0x0000000008006ff8       0x3c ./Middlewares/Third_Party/FreeRTOS/Source/tasks.o
                0x0000000008006ff8                xTaskGetSchedulerState
 .text.xTaskPriorityInherit
                0x0000000008007034       0xdc ./Middlewares/Third_Party/FreeRTOS/Source/tasks.o
                0x0000000008007034                xTaskPriorityInherit
 .text.xTaskPriorityDisinherit
                0x0000000008007110       0xdc ./Middlewares/Third_Party/FreeRTOS/Source/tasks.o
                0x0000000008007110                xTaskPriorityDisinherit
 .text.vTaskPriorityDisinheritAfterTimeout
                0x00000000080071ec      0x10c ./Middlewares/Third_Party/FreeRTOS/Source/tasks.o
                0x00000000080071ec                vTaskPriorityDisinheritAfterTimeout
 .text.pvTaskIncrementMutexHeldCount
                0x00000000080072f8       0x28 ./Middlewares/Third_Party/FreeRTOS/Source/tasks.o
                0x00000000080072f8                pvTaskIncrementMutexHeldCount
 .text.prvAddCurrentTaskToDelayedList
                0x0000000008007320       0xa8 ./Middlewares/Third_Party/FreeRTOS/Source/tasks.o
 .text.xTimerCreateTimerTask
                0x00000000080073c8       0x90 ./Middlewares/Third_Party/FreeRTOS/Source/timers.o
                0x00000000080073c8                xTimerCreateTimerTask
 .text.xTimerGenericCommand
                0x0000000008007458       0x9c ./Middlewares/Third_Party/FreeRTOS/Source/timers.o
                0x0000000008007458                xTimerGenericCommand
 .text.prvProcessExpiredTimer
                0x00000000080074f4       0x80 ./Middlewares/Third_Party/FreeRTOS/Source/timers.o
 .text.prvTimerTask
                0x0000000008007574       0x24 ./Middlewares/Third_Party/FreeRTOS/Source/timers.o
 .text.prvProcessTimerOrBlockTask
                0x0000000008007598       0x9c ./Middlewares/Third_Party/FreeRTOS/Source/timers.o
 .text.prvGetNextExpireTime
                0x0000000008007634       0x48 ./Middlewares/Third_Party/FreeRTOS/Source/timers.o
 .text.prvSampleTimeNow
                0x000000000800767c       0x40 ./Middlewares/Third_Party/FreeRTOS/Source/timers.o
 .text.prvInsertTimerInActiveList
                0x00000000080076bc       0x84 ./Middlewares/Third_Party/FreeRTOS/Source/timers.o
 .text.prvProcessReceivedCommands
                0x0000000008007740      0x168 ./Middlewares/Third_Party/FreeRTOS/Source/timers.o
 .text.prvSwitchTimerLists
                0x00000000080078a8       0xc4 ./Middlewares/Third_Party/FreeRTOS/Source/timers.o
 .text.prvCheckForValidListAndQueue
                0x000000000800796c       0x80 ./Middlewares/Third_Party/FreeRTOS/Source/timers.o
 .text.pxPortInitialiseStack
                0x00000000080079ec       0x68 ./Middlewares/Third_Party/FreeRTOS/Source/portable/GCC/ARM_CM4F/port.o
                0x00000000080079ec                pxPortInitialiseStack
 .text.prvTaskExitError
                0x0000000008007a54       0x58 ./Middlewares/Third_Party/FreeRTOS/Source/portable/GCC/ARM_CM4F/port.o
 *fill*         0x0000000008007aac        0x4 
 .text.SVC_Handler
                0x0000000008007ab0       0x28 ./Middlewares/Third_Party/FreeRTOS/Source/portable/GCC/ARM_CM4F/port.o
                0x0000000008007ab0                SVC_Handler
 .text.prvPortStartFirstTask
                0x0000000008007ad8       0x28 ./Middlewares/Third_Party/FreeRTOS/Source/portable/GCC/ARM_CM4F/port.o
 .text.xPortStartScheduler
                0x0000000008007b00      0x144 ./Middlewares/Third_Party/FreeRTOS/Source/portable/GCC/ARM_CM4F/port.o
                0x0000000008007b00                xPortStartScheduler
 .text.vPortEnterCritical
                0x0000000008007c44       0x60 ./Middlewares/Third_Party/FreeRTOS/Source/portable/GCC/ARM_CM4F/port.o
                0x0000000008007c44                vPortEnterCritical
 .text.vPortExitCritical
                0x0000000008007ca4       0x54 ./Middlewares/Third_Party/FreeRTOS/Source/portable/GCC/ARM_CM4F/port.o
                0x0000000008007ca4                vPortExitCritical
 *fill*         0x0000000008007cf8        0x8 
 .text.PendSV_Handler
                0x0000000008007d00       0x68 ./Middlewares/Third_Party/FreeRTOS/Source/portable/GCC/ARM_CM4F/port.o
                0x0000000008007d00                PendSV_Handler
 .text.SysTick_Handler
                0x0000000008007d68       0x44 ./Middlewares/Third_Party/FreeRTOS/Source/portable/GCC/ARM_CM4F/port.o
                0x0000000008007d68                SysTick_Handler
 .text.vPortSetupTimerInterrupt
                0x0000000008007dac       0x48 ./Middlewares/Third_Party/FreeRTOS/Source/portable/GCC/ARM_CM4F/port.o
                0x0000000008007dac                vPortSetupTimerInterrupt
 .text.vPortEnableVFP
                0x0000000008007df4       0x14 ./Middlewares/Third_Party/FreeRTOS/Source/portable/GCC/ARM_CM4F/port.o
 .text.vPortValidateInterruptPriority
                0x0000000008007e08       0x80 ./Middlewares/Third_Party/FreeRTOS/Source/portable/GCC/ARM_CM4F/port.o
                0x0000000008007e08                vPortValidateInterruptPriority
 .text.pvPortMalloc
                0x0000000008007e88      0x188 ./Middlewares/Third_Party/FreeRTOS/Source/portable/MemMang/heap_4.o
                0x0000000008007e88                pvPortMalloc
 .text.vPortFree
                0x0000000008008010       0xb4 ./Middlewares/Third_Party/FreeRTOS/Source/portable/MemMang/heap_4.o
                0x0000000008008010                vPortFree
 .text.prvHeapInit
                0x00000000080080c4       0xc4 ./Middlewares/Third_Party/FreeRTOS/Source/portable/MemMang/heap_4.o
 .text.prvInsertBlockIntoFreeList
                0x0000000008008188       0xb4 ./Middlewares/Third_Party/FreeRTOS/Source/portable/MemMang/heap_4.o
 .text.memset   0x000000000800823c       0x10 C:/ST/STM32CubeIDE_1.14.1/STM32CubeIDE/plugins/com.st.stm32cube.ide.mcu.externaltools.gnu-tools-for-stm32.11.3.rel1.win32_1.1.100.202309141235/tools/bin/../lib/gcc/arm-none-eabi/11.3.1/../../../../arm-none-eabi/lib/thumb/v7e-m+fp/hard\libc_nano.a(libc_a-memset.o)
                0x000000000800823c                memset
 .text.__libc_init_array
                0x000000000800824c       0x48 C:/ST/STM32CubeIDE_1.14.1/STM32CubeIDE/plugins/com.st.stm32cube.ide.mcu.externaltools.gnu-tools-for-stm32.11.3.rel1.win32_1.1.100.202309141235/tools/bin/../lib/gcc/arm-none-eabi/11.3.1/../../../../arm-none-eabi/lib/thumb/v7e-m+fp/hard\libc_nano.a(libc_a-init.o)
                0x000000000800824c                __libc_init_array
 .text.memcpy   0x0000000008008294       0x1c C:/ST/STM32CubeIDE_1.14.1/STM32CubeIDE/plugins/com.st.stm32cube.ide.mcu.externaltools.gnu-tools-for-stm32.11.3.rel1.win32_1.1.100.202309141235/tools/bin/../lib/gcc/arm-none-eabi/11.3.1/../../../../arm-none-eabi/lib/thumb/v7e-m+fp/hard\libc_nano.a(libc_a-memcpy-stub.o)
                0x0000000008008294                memcpy
 *(.glue_7)
 .glue_7        0x00000000080082b0        0x0 linker stubs
 *(.glue_7t)
 .glue_7t       0x00000000080082b0        0x0 linker stubs
 *(.eh_frame)
 .eh_frame      0x00000000080082b0        0x0 C:/ST/STM32CubeIDE_1.14.1/STM32CubeIDE/plugins/com.st.stm32cube.ide.mcu.externaltools.gnu-tools-for-stm32.11.3.rel1.win32_1.1.100.202309141235/tools/bin/../lib/gcc/arm-none-eabi/11.3.1/thumb/v7e-m+fp/hard/crtbegin.o
 *(.init)
 .init          0x00000000080082b0        0x4 C:/ST/STM32CubeIDE_1.14.1/STM32CubeIDE/plugins/com.st.stm32cube.ide.mcu.externaltools.gnu-tools-for-stm32.11.3.rel1.win32_1.1.100.202309141235/tools/bin/../lib/gcc/arm-none-eabi/11.3.1/thumb/v7e-m+fp/hard/crti.o
                0x00000000080082b0                _init
 .init          0x00000000080082b4        0x8 C:/ST/STM32CubeIDE_1.14.1/STM32CubeIDE/plugins/com.st.stm32cube.ide.mcu.externaltools.gnu-tools-for-stm32.11.3.rel1.win32_1.1.100.202309141235/tools/bin/../lib/gcc/arm-none-eabi/11.3.1/thumb/v7e-m+fp/hard/crtn.o
 *(.fini)
 .fini          0x00000000080082bc        0x4 C:/ST/STM32CubeIDE_1.14.1/STM32CubeIDE/plugins/com.st.stm32cube.ide.mcu.externaltools.gnu-tools-for-stm32.11.3.rel1.win32_1.1.100.202309141235/tools/bin/../lib/gcc/arm-none-eabi/11.3.1/thumb/v7e-m+fp/hard/crti.o
                0x00000000080082bc                _fini
 .fini          0x00000000080082c0        0x8 C:/ST/STM32CubeIDE_1.14.1/STM32CubeIDE/plugins/com.st.stm32cube.ide.mcu.externaltools.gnu-tools-for-stm32.11.3.rel1.win32_1.1.100.202309141235/tools/bin/../lib/gcc/arm-none-eabi/11.3.1/thumb/v7e-m+fp/hard/crtn.o
                0x00000000080082c8                . = ALIGN (0x4)
                0x00000000080082c8                _etext = .

.vfp11_veneer   0x00000000080082c8        0x0
 .vfp11_veneer  0x00000000080082c8        0x0 linker stubs

.v4_bx          0x00000000080082c8        0x0
 .v4_bx         0x00000000080082c8        0x0 linker stubs

.iplt           0x00000000080082c8        0x0
 .iplt          0x00000000080082c8        0x0 C:/ST/STM32CubeIDE_1.14.1/STM32CubeIDE/plugins/com.st.stm32cube.ide.mcu.externaltools.gnu-tools-for-stm32.11.3.rel1.win32_1.1.100.202309141235/tools/bin/../lib/gcc/arm-none-eabi/11.3.1/thumb/v7e-m+fp/hard/crtbegin.o

.rodata         0x00000000080082c8       0xf4
                0x00000000080082c8                . = ALIGN (0x4)
 *(.rodata)
 .rodata        0x00000000080082c8       0x27 ./Core/Src/main.o
 *fill*         0x00000000080082ef        0x1 
 .rodata        0x00000000080082f0        0x5 ./Middlewares/Third_Party/FreeRTOS/Source/tasks.o
 *fill*         0x00000000080082f5        0x3 
 .rodata        0x00000000080082f8        0xd ./Middlewares/Third_Party/FreeRTOS/Source/timers.o
 *(.rodata*)
 *fill*         0x0000000008008305        0x3 
 .rodata.read_pins_attributes
                0x0000000008008308       0x24 ./Core/Src/main.o
                0x0000000008008308                read_pins_attributes
 .rodata.watchdog_attributes
                0x000000000800832c       0x24 ./Core/Src/main.o
                0x000000000800832c                watchdog_attributes
 .rodata.flash_attributes
                0x0000000008008350       0x24 ./Core/Src/main.o
                0x0000000008008350                flash_attributes
 .rodata.BinSem_attributes
                0x0000000008008374       0x10 ./Core/Src/main.o
                0x0000000008008374                BinSem_attributes
 .rodata.AHBPrescTable
                0x0000000008008384       0x10 ./Core/Src/system_stm32f3xx.o
                0x0000000008008384                AHBPrescTable
 .rodata.APBPrescTable
                0x0000000008008394        0x8 ./Core/Src/system_stm32f3xx.o
                0x0000000008008394                APBPrescTable
 .rodata.aPLLMULFactorTable
                0x000000000800839c       0x10 ./Drivers/STM32F3xx_HAL_Driver/Src/stm32f3xx_hal_rcc.o
 .rodata.aPredivFactorTable
                0x00000000080083ac       0x10 ./Drivers/STM32F3xx_HAL_Driver/Src/stm32f3xx_hal_rcc.o
                0x00000000080083bc                . = ALIGN (0x4)

.rel.dyn        0x00000000080083bc        0x0
 .rel.iplt      0x00000000080083bc        0x0 C:/ST/STM32CubeIDE_1.14.1/STM32CubeIDE/plugins/com.st.stm32cube.ide.mcu.externaltools.gnu-tools-for-stm32.11.3.rel1.win32_1.1.100.202309141235/tools/bin/../lib/gcc/arm-none-eabi/11.3.1/thumb/v7e-m+fp/hard/crtbegin.o

.ARM.extab      0x00000000080083bc        0x0
                0x00000000080083bc                . = ALIGN (0x4)
 *(.ARM.extab* .gnu.linkonce.armextab.*)
                0x00000000080083bc                . = ALIGN (0x4)

.ARM            0x00000000080083bc        0x0
                0x00000000080083bc                . = ALIGN (0x4)
                0x00000000080083bc                __exidx_start = .
 *(.ARM.exidx*)
                0x00000000080083bc                __exidx_end = .
                0x00000000080083bc                . = ALIGN (0x4)

.preinit_array  0x00000000080083bc        0x0
                0x00000000080083bc                . = ALIGN (0x4)
                0x00000000080083bc                PROVIDE (__preinit_array_start = .)
 *(.preinit_array*)
                0x00000000080083bc                PROVIDE (__preinit_array_end = .)
                0x00000000080083bc                . = ALIGN (0x4)

.init_array     0x00000000080083bc        0x4
                0x00000000080083bc                . = ALIGN (0x4)
                0x00000000080083bc                PROVIDE (__init_array_start = .)
 *(SORT_BY_NAME(.init_array.*))
 *(.init_array*)
 .init_array    0x00000000080083bc        0x4 C:/ST/STM32CubeIDE_1.14.1/STM32CubeIDE/plugins/com.st.stm32cube.ide.mcu.externaltools.gnu-tools-for-stm32.11.3.rel1.win32_1.1.100.202309141235/tools/bin/../lib/gcc/arm-none-eabi/11.3.1/thumb/v7e-m+fp/hard/crtbegin.o
                0x00000000080083c0                PROVIDE (__init_array_end = .)
                0x00000000080083c0                . = ALIGN (0x4)

.fini_array     0x00000000080083c0        0x4
                0x00000000080083c0                . = ALIGN (0x4)
                [!provide]                        PROVIDE (__fini_array_start = .)
 *(SORT_BY_NAME(.fini_array.*))
 *(.fini_array*)
 .fini_array    0x00000000080083c0        0x4 C:/ST/STM32CubeIDE_1.14.1/STM32CubeIDE/plugins/com.st.stm32cube.ide.mcu.externaltools.gnu-tools-for-stm32.11.3.rel1.win32_1.1.100.202309141235/tools/bin/../lib/gcc/arm-none-eabi/11.3.1/thumb/v7e-m+fp/hard/crtbegin.o
                [!provide]                        PROVIDE (__fini_array_end = .)
                0x00000000080083c4                . = ALIGN (0x4)
                0x00000000080083c4                _sidata = LOADADDR (.data)

.data           0x0000000020000000       0x7c load address 0x00000000080083c4
                0x0000000020000000                . = ALIGN (0x4)
                0x0000000020000000                _sdata = .
 *(.data)
 *(.data*)
 .data.crc_key  0x0000000020000000        0x8 ./Core/Src/crc_driver.o
                0x0000000020000000                crc_key
 .data.relay1_msg
                0x0000000020000008       0x14 ./Core/Src/main.o
                0x0000000020000008                relay1_msg
 .data.relay2_msg
                0x000000002000001c       0x14 ./Core/Src/main.o
                0x000000002000001c                relay2_msg
 .data.relay3_msg
                0x0000000020000030       0x14 ./Core/Src/main.o
                0x0000000020000030                relay3_msg
 .data.relay4_msg
                0x0000000020000044       0x14 ./Core/Src/main.o
                0x0000000020000044                relay4_msg
 .data.wwdg_msg
                0x0000000020000058       0x14 ./Core/Src/main.o
                0x0000000020000058                wwdg_msg
 .data.SystemCoreClock
                0x000000002000006c        0x4 ./Core/Src/system_stm32f3xx.o
                0x000000002000006c                SystemCoreClock
 .data.uwTickPrio
                0x0000000020000070        0x4 ./Drivers/STM32F3xx_HAL_Driver/Src/stm32f3xx_hal.o
                0x0000000020000070                uwTickPrio
 .data.uwTickFreq
                0x0000000020000074        0x1 ./Drivers/STM32F3xx_HAL_Driver/Src/stm32f3xx_hal.o
                0x0000000020000074                uwTickFreq
 *fill*         0x0000000020000075        0x3 
 .data.uxCriticalNesting
                0x0000000020000078        0x4 ./Middlewares/Third_Party/FreeRTOS/Source/portable/GCC/ARM_CM4F/port.o
 *(.RamFunc)
 *(.RamFunc*)
                0x000000002000007c                . = ALIGN (0x4)
                0x000000002000007c                _edata = .
                0x0000000008008440                _siccmram = LOADADDR (.ccmram)

.igot.plt       0x000000002000007c        0x0 load address 0x0000000008008440
 .igot.plt      0x000000002000007c        0x0 C:/ST/STM32CubeIDE_1.14.1/STM32CubeIDE/plugins/com.st.stm32cube.ide.mcu.externaltools.gnu-tools-for-stm32.11.3.rel1.win32_1.1.100.202309141235/tools/bin/../lib/gcc/arm-none-eabi/11.3.1/thumb/v7e-m+fp/hard/crtbegin.o

.ccmram         0x0000000010000000        0x0 load address 0x0000000008008440
                0x0000000010000000                . = ALIGN (0x4)
                0x0000000010000000                _sccmram = .
 *(.ccmram)
 *(.ccmram*)
                0x0000000010000000                . = ALIGN (0x4)
                0x0000000010000000                _eccmram = .
                0x0000000010000000                . = ALIGN (0x4)

.bss            0x0000000020000080     0x1b40
                0x0000000020000080                _sbss = .
                0x0000000020000080                __bss_start__ = _sbss
 *(.bss)
 .bss           0x0000000020000080       0x1c C:/ST/STM32CubeIDE_1.14.1/STM32CubeIDE/plugins/com.st.stm32cube.ide.mcu.externaltools.gnu-tools-for-stm32.11.3.rel1.win32_1.1.100.202309141235/tools/bin/../lib/gcc/arm-none-eabi/11.3.1/thumb/v7e-m+fp/hard/crtbegin.o
 *(.bss*)
 .bss.huart1    0x000000002000009c       0x88 ./Core/Src/main.o
                0x000000002000009c                huart1
 .bss.huart2    0x0000000020000124       0x88 ./Core/Src/main.o
                0x0000000020000124                huart2
 .bss.hwwdg     0x00000000200001ac       0x14 ./Core/Src/main.o
                0x00000000200001ac                hwwdg
 .bss.read_pinsHandle
                0x00000000200001c0        0x4 ./Core/Src/main.o
                0x00000000200001c0                read_pinsHandle
 .bss.watchdogHandle
                0x00000000200001c4        0x4 ./Core/Src/main.o
                0x00000000200001c4                watchdogHandle
 .bss.flashHandle
                0x00000000200001c8        0x4 ./Core/Src/main.o
                0x00000000200001c8                flashHandle
 .bss.BinSemHandle
                0x00000000200001cc        0x4 ./Core/Src/main.o
                0x00000000200001cc                BinSemHandle
 .bss.TxData    0x00000000200001d0       0x18 ./Core/Src/main.o
                0x00000000200001d0                TxData
 .bss.data      0x00000000200001e8        0x8 ./Core/Src/main.o
                0x00000000200001e8                data
 .bss.timer_flag
                0x00000000200001f0        0x1 ./Core/Src/main.o
                0x00000000200001f0                timer_flag
 *fill*         0x00000000200001f1        0x3 
 .bss.relay1_count
                0x00000000200001f4        0x4 ./Core/Src/main.o
                0x00000000200001f4                relay1_count
 .bss.relay2_count
                0x00000000200001f8        0x4 ./Core/Src/main.o
                0x00000000200001f8                relay2_count
 .bss.relay3_count
                0x00000000200001fc        0x4 ./Core/Src/main.o
                0x00000000200001fc                relay3_count
 .bss.relay4_count
                0x0000000020000200        0x4 ./Core/Src/main.o
                0x0000000020000200                relay4_count
 .bss.test      0x0000000020000204        0x4 ./Core/Src/main.o
                0x0000000020000204                test
 .bss.htim6     0x0000000020000208       0x4c ./Core/Src/stm32f3xx_hal_timebase_tim.o
                0x0000000020000208                htim6
 .bss.uwTick    0x0000000020000254        0x4 ./Drivers/STM32F3xx_HAL_Driver/Src/stm32f3xx_hal.o
                0x0000000020000254                uwTick
 .bss.pFlash    0x0000000020000258       0x20 ./Drivers/STM32F3xx_HAL_Driver/Src/stm32f3xx_hal_flash.o
                0x0000000020000258                pFlash
 .bss.KernelState
                0x0000000020000278        0x4 ./Middlewares/Third_Party/FreeRTOS/Source/CMSIS_RTOS_V2/cmsis_os2.o
 .bss.Idle_TCB  0x000000002000027c       0x5c ./Middlewares/Third_Party/FreeRTOS/Source/CMSIS_RTOS_V2/cmsis_os2.o
 .bss.Idle_Stack
                0x00000000200002d8      0x200 ./Middlewares/Third_Party/FreeRTOS/Source/CMSIS_RTOS_V2/cmsis_os2.o
 .bss.Timer_TCB
                0x00000000200004d8       0x5c ./Middlewares/Third_Party/FreeRTOS/Source/CMSIS_RTOS_V2/cmsis_os2.o
 .bss.Timer_Stack
                0x0000000020000534      0x400 ./Middlewares/Third_Party/FreeRTOS/Source/CMSIS_RTOS_V2/cmsis_os2.o
 .bss.xQueueRegistry
                0x0000000020000934       0x40 ./Middlewares/Third_Party/FreeRTOS/Source/queue.o
                0x0000000020000934                xQueueRegistry
 .bss.pxCurrentTCB
                0x0000000020000974        0x4 ./Middlewares/Third_Party/FreeRTOS/Source/tasks.o
                0x0000000020000974                pxCurrentTCB
 .bss.pxReadyTasksLists
                0x0000000020000978      0x460 ./Middlewares/Third_Party/FreeRTOS/Source/tasks.o
 .bss.xDelayedTaskList1
                0x0000000020000dd8       0x14 ./Middlewares/Third_Party/FreeRTOS/Source/tasks.o
 .bss.xDelayedTaskList2
                0x0000000020000dec       0x14 ./Middlewares/Third_Party/FreeRTOS/Source/tasks.o
 .bss.pxDelayedTaskList
                0x0000000020000e00        0x4 ./Middlewares/Third_Party/FreeRTOS/Source/tasks.o
 .bss.pxOverflowDelayedTaskList
                0x0000000020000e04        0x4 ./Middlewares/Third_Party/FreeRTOS/Source/tasks.o
 .bss.xPendingReadyList
                0x0000000020000e08       0x14 ./Middlewares/Third_Party/FreeRTOS/Source/tasks.o
 .bss.xTasksWaitingTermination
                0x0000000020000e1c       0x14 ./Middlewares/Third_Party/FreeRTOS/Source/tasks.o
 .bss.uxDeletedTasksWaitingCleanUp
                0x0000000020000e30        0x4 ./Middlewares/Third_Party/FreeRTOS/Source/tasks.o
 .bss.xSuspendedTaskList
                0x0000000020000e34       0x14 ./Middlewares/Third_Party/FreeRTOS/Source/tasks.o
 .bss.uxCurrentNumberOfTasks
                0x0000000020000e48        0x4 ./Middlewares/Third_Party/FreeRTOS/Source/tasks.o
 .bss.xTickCount
                0x0000000020000e4c        0x4 ./Middlewares/Third_Party/FreeRTOS/Source/tasks.o
 .bss.uxTopReadyPriority
                0x0000000020000e50        0x4 ./Middlewares/Third_Party/FreeRTOS/Source/tasks.o
 .bss.xSchedulerRunning
                0x0000000020000e54        0x4 ./Middlewares/Third_Party/FreeRTOS/Source/tasks.o
 .bss.uxPendedTicks
                0x0000000020000e58        0x4 ./Middlewares/Third_Party/FreeRTOS/Source/tasks.o
 .bss.xYieldPending
                0x0000000020000e5c        0x4 ./Middlewares/Third_Party/FreeRTOS/Source/tasks.o
 .bss.xNumOfOverflows
                0x0000000020000e60        0x4 ./Middlewares/Third_Party/FreeRTOS/Source/tasks.o
 .bss.uxTaskNumber
                0x0000000020000e64        0x4 ./Middlewares/Third_Party/FreeRTOS/Source/tasks.o
 .bss.xNextTaskUnblockTime
                0x0000000020000e68        0x4 ./Middlewares/Third_Party/FreeRTOS/Source/tasks.o
 .bss.xIdleTaskHandle
                0x0000000020000e6c        0x4 ./Middlewares/Third_Party/FreeRTOS/Source/tasks.o
 .bss.uxSchedulerSuspended
                0x0000000020000e70        0x4 ./Middlewares/Third_Party/FreeRTOS/Source/tasks.o
 .bss.xActiveTimerList1
                0x0000000020000e74       0x14 ./Middlewares/Third_Party/FreeRTOS/Source/timers.o
 .bss.xActiveTimerList2
                0x0000000020000e88       0x14 ./Middlewares/Third_Party/FreeRTOS/Source/timers.o
 .bss.pxCurrentTimerList
                0x0000000020000e9c        0x4 ./Middlewares/Third_Party/FreeRTOS/Source/timers.o
 .bss.pxOverflowTimerList
                0x0000000020000ea0        0x4 ./Middlewares/Third_Party/FreeRTOS/Source/timers.o
 .bss.xTimerQueue
                0x0000000020000ea4        0x4 ./Middlewares/Third_Party/FreeRTOS/Source/timers.o
 .bss.xTimerTaskHandle
                0x0000000020000ea8        0x4 ./Middlewares/Third_Party/FreeRTOS/Source/timers.o
 .bss.xLastTime.2
                0x0000000020000eac        0x4 ./Middlewares/Third_Party/FreeRTOS/Source/timers.o
 .bss.ucStaticTimerQueueStorage.1
                0x0000000020000eb0       0xa0 ./Middlewares/Third_Party/FreeRTOS/Source/timers.o
 .bss.xStaticTimerQueue.0
                0x0000000020000f50       0x50 ./Middlewares/Third_Party/FreeRTOS/Source/timers.o
 .bss.ucMaxSysCallPriority
                0x0000000020000fa0        0x1 ./Middlewares/Third_Party/FreeRTOS/Source/portable/GCC/ARM_CM4F/port.o
 *fill*         0x0000000020000fa1        0x3 
 .bss.ulMaxPRIGROUPValue
                0x0000000020000fa4        0x4 ./Middlewares/Third_Party/FreeRTOS/Source/portable/GCC/ARM_CM4F/port.o
 .bss.ucHeap    0x0000000020000fa8      0xc00 ./Middlewares/Third_Party/FreeRTOS/Source/portable/MemMang/heap_4.o
 .bss.xStart    0x0000000020001ba8        0x8 ./Middlewares/Third_Party/FreeRTOS/Source/portable/MemMang/heap_4.o
 .bss.pxEnd     0x0000000020001bb0        0x4 ./Middlewares/Third_Party/FreeRTOS/Source/portable/MemMang/heap_4.o
 .bss.xFreeBytesRemaining
                0x0000000020001bb4        0x4 ./Middlewares/Third_Party/FreeRTOS/Source/portable/MemMang/heap_4.o
 .bss.xMinimumEverFreeBytesRemaining
                0x0000000020001bb8        0x4 ./Middlewares/Third_Party/FreeRTOS/Source/portable/MemMang/heap_4.o
 .bss.xBlockAllocatedBit
                0x0000000020001bbc        0x4 ./Middlewares/Third_Party/FreeRTOS/Source/portable/MemMang/heap_4.o
 *(COMMON)
                0x0000000020001bc0                . = ALIGN (0x4)
                0x0000000020001bc0                _ebss = .
                0x0000000020001bc0                __bss_end__ = _ebss

._user_heap_stack
                0x0000000020001bc0      0x600
                0x0000000020001bc0                . = ALIGN (0x8)
                [!provide]                        PROVIDE (end = .)
                0x0000000020001bc0                PROVIDE (_end = .)
                0x0000000020001dc0                . = (. + _Min_Heap_Size)
 *fill*         0x0000000020001bc0      0x200 
                0x00000000200021c0                . = (. + _Min_Stack_Size)
 *fill*         0x0000000020001dc0      0x400 
                0x00000000200021c0                . = ALIGN (0x8)

/DISCARD/
 libc.a(*)
 libm.a(*)
 libgcc.a(*)

.ARM.attributes
                0x0000000000000000       0x30
 *(.ARM.attributes)
 .ARM.attributes
                0x0000000000000000       0x1e C:/ST/STM32CubeIDE_1.14.1/STM32CubeIDE/plugins/com.st.stm32cube.ide.mcu.externaltools.gnu-tools-for-stm32.11.3.rel1.win32_1.1.100.202309141235/tools/bin/../lib/gcc/arm-none-eabi/11.3.1/thumb/v7e-m+fp/hard/crti.o
 .ARM.attributes
                0x000000000000001e       0x34 C:/ST/STM32CubeIDE_1.14.1/STM32CubeIDE/plugins/com.st.stm32cube.ide.mcu.externaltools.gnu-tools-for-stm32.11.3.rel1.win32_1.1.100.202309141235/tools/bin/../lib/gcc/arm-none-eabi/11.3.1/thumb/v7e-m+fp/hard/crtbegin.o
 .ARM.attributes
                0x0000000000000052       0x34 ./Core/Src/crc_driver.o
 .ARM.attributes
                0x0000000000000086       0x34 ./Core/Src/flash_driver.o
 .ARM.attributes
                0x00000000000000ba       0x34 ./Core/Src/main.o
 .ARM.attributes
                0x00000000000000ee       0x34 ./Core/Src/stm32f3xx_hal_msp.o
 .ARM.attributes
                0x0000000000000122       0x34 ./Core/Src/stm32f3xx_hal_timebase_tim.o
 .ARM.attributes
                0x0000000000000156       0x34 ./Core/Src/stm32f3xx_it.o
 .ARM.attributes
                0x000000000000018a       0x34 ./Core/Src/system_stm32f3xx.o
 .ARM.attributes
                0x00000000000001be       0x21 ./Core/Startup/startup_stm32f303retx.o
 .ARM.attributes
                0x00000000000001df       0x34 ./Drivers/STM32F3xx_HAL_Driver/Src/stm32f3xx_hal.o
 .ARM.attributes
                0x0000000000000213       0x34 ./Drivers/STM32F3xx_HAL_Driver/Src/stm32f3xx_hal_cortex.o
 .ARM.attributes
                0x0000000000000247       0x34 ./Drivers/STM32F3xx_HAL_Driver/Src/stm32f3xx_hal_dma.o
 .ARM.attributes
                0x000000000000027b       0x34 ./Drivers/STM32F3xx_HAL_Driver/Src/stm32f3xx_hal_flash.o
 .ARM.attributes
                0x00000000000002af       0x34 ./Drivers/STM32F3xx_HAL_Driver/Src/stm32f3xx_hal_flash_ex.o
 .ARM.attributes
                0x00000000000002e3       0x34 ./Drivers/STM32F3xx_HAL_Driver/Src/stm32f3xx_hal_gpio.o
 .ARM.attributes
                0x0000000000000317       0x34 ./Drivers/STM32F3xx_HAL_Driver/Src/stm32f3xx_hal_rcc.o
 .ARM.attributes
                0x000000000000034b       0x34 ./Drivers/STM32F3xx_HAL_Driver/Src/stm32f3xx_hal_rcc_ex.o
 .ARM.attributes
                0x000000000000037f       0x34 ./Drivers/STM32F3xx_HAL_Driver/Src/stm32f3xx_hal_tim.o
 .ARM.attributes
                0x00000000000003b3       0x34 ./Drivers/STM32F3xx_HAL_Driver/Src/stm32f3xx_hal_tim_ex.o
 .ARM.attributes
                0x00000000000003e7       0x34 ./Drivers/STM32F3xx_HAL_Driver/Src/stm32f3xx_hal_uart.o
 .ARM.attributes
                0x000000000000041b       0x34 ./Drivers/STM32F3xx_HAL_Driver/Src/stm32f3xx_hal_uart_ex.o
 .ARM.attributes
                0x000000000000044f       0x34 ./Drivers/STM32F3xx_HAL_Driver/Src/stm32f3xx_hal_wwdg.o
 .ARM.attributes
                0x0000000000000483       0x34 ./Drivers/STM32F3xx_HAL_Driver/Src/stm32f3xx_ll_tim.o
 .ARM.attributes
                0x00000000000004b7       0x34 ./Middlewares/Third_Party/FreeRTOS/Source/CMSIS_RTOS_V2/cmsis_os2.o
 .ARM.attributes
                0x00000000000004eb       0x34 ./Middlewares/Third_Party/FreeRTOS/Source/list.o
 .ARM.attributes
                0x000000000000051f       0x34 ./Middlewares/Third_Party/FreeRTOS/Source/queue.o
 .ARM.attributes
                0x0000000000000553       0x34 ./Middlewares/Third_Party/FreeRTOS/Source/tasks.o
 .ARM.attributes
                0x0000000000000587       0x34 ./Middlewares/Third_Party/FreeRTOS/Source/timers.o
 .ARM.attributes
                0x00000000000005bb       0x34 ./Middlewares/Third_Party/FreeRTOS/Source/portable/GCC/ARM_CM4F/port.o
 .ARM.attributes
                0x00000000000005ef       0x34 ./Middlewares/Third_Party/FreeRTOS/Source/portable/MemMang/heap_4.o
 .ARM.attributes
                0x0000000000000623       0x34 C:/ST/STM32CubeIDE_1.14.1/STM32CubeIDE/plugins/com.st.stm32cube.ide.mcu.externaltools.gnu-tools-for-stm32.11.3.rel1.win32_1.1.100.202309141235/tools/bin/../lib/gcc/arm-none-eabi/11.3.1/../../../../arm-none-eabi/lib/thumb/v7e-m+fp/hard\libc_nano.a(libc_a-memset.o)
 .ARM.attributes
                0x0000000000000657       0x34 C:/ST/STM32CubeIDE_1.14.1/STM32CubeIDE/plugins/com.st.stm32cube.ide.mcu.externaltools.gnu-tools-for-stm32.11.3.rel1.win32_1.1.100.202309141235/tools/bin/../lib/gcc/arm-none-eabi/11.3.1/../../../../arm-none-eabi/lib/thumb/v7e-m+fp/hard\libc_nano.a(libc_a-init.o)
 .ARM.attributes
                0x000000000000068b       0x34 C:/ST/STM32CubeIDE_1.14.1/STM32CubeIDE/plugins/com.st.stm32cube.ide.mcu.externaltools.gnu-tools-for-stm32.11.3.rel1.win32_1.1.100.202309141235/tools/bin/../lib/gcc/arm-none-eabi/11.3.1/../../../../arm-none-eabi/lib/thumb/v7e-m+fp/hard\libc_nano.a(libc_a-memcpy-stub.o)
 .ARM.attributes
                0x00000000000006bf       0x1e C:/ST/STM32CubeIDE_1.14.1/STM32CubeIDE/plugins/com.st.stm32cube.ide.mcu.externaltools.gnu-tools-for-stm32.11.3.rel1.win32_1.1.100.202309141235/tools/bin/../lib/gcc/arm-none-eabi/11.3.1/thumb/v7e-m+fp/hard/crtn.o
OUTPUT(freertos_master.elf elf32-littlearm)
LOAD linker stubs
LOAD C:/ST/STM32CubeIDE_1.14.1/STM32CubeIDE/plugins/com.st.stm32cube.ide.mcu.externaltools.gnu-tools-for-stm32.11.3.rel1.win32_1.1.100.202309141235/tools/bin/../lib/gcc/arm-none-eabi/11.3.1/../../../../arm-none-eabi/lib/thumb/v7e-m+fp/hard\libc.a
LOAD C:/ST/STM32CubeIDE_1.14.1/STM32CubeIDE/plugins/com.st.stm32cube.ide.mcu.externaltools.gnu-tools-for-stm32.11.3.rel1.win32_1.1.100.202309141235/tools/bin/../lib/gcc/arm-none-eabi/11.3.1/../../../../arm-none-eabi/lib/thumb/v7e-m+fp/hard\libm.a
LOAD C:/ST/STM32CubeIDE_1.14.1/STM32CubeIDE/plugins/com.st.stm32cube.ide.mcu.externaltools.gnu-tools-for-stm32.11.3.rel1.win32_1.1.100.202309141235/tools/bin/../lib/gcc/arm-none-eabi/11.3.1/thumb/v7e-m+fp/hard\libgcc.a

.comment        0x0000000000000000       0x43
 .comment       0x0000000000000000       0x43 C:/ST/STM32CubeIDE_1.14.1/STM32CubeIDE/plugins/com.st.stm32cube.ide.mcu.externaltools.gnu-tools-for-stm32.11.3.rel1.win32_1.1.100.202309141235/tools/bin/../lib/gcc/arm-none-eabi/11.3.1/thumb/v7e-m+fp/hard/crtbegin.o
                                         0x44 (size before relaxing)
 .comment       0x0000000000000043       0x44 ./Core/Src/crc_driver.o
 .comment       0x0000000000000043       0x44 ./Core/Src/flash_driver.o
 .comment       0x0000000000000043       0x44 ./Core/Src/main.o
 .comment       0x0000000000000043       0x44 ./Core/Src/stm32f3xx_hal_msp.o
 .comment       0x0000000000000043       0x44 ./Core/Src/stm32f3xx_hal_timebase_tim.o
 .comment       0x0000000000000043       0x44 ./Core/Src/stm32f3xx_it.o
 .comment       0x0000000000000043       0x44 ./Core/Src/system_stm32f3xx.o
 .comment       0x0000000000000043       0x44 ./Drivers/STM32F3xx_HAL_Driver/Src/stm32f3xx_hal.o
 .comment       0x0000000000000043       0x44 ./Drivers/STM32F3xx_HAL_Driver/Src/stm32f3xx_hal_cortex.o
 .comment       0x0000000000000043       0x44 ./Drivers/STM32F3xx_HAL_Driver/Src/stm32f3xx_hal_dma.o
 .comment       0x0000000000000043       0x44 ./Drivers/STM32F3xx_HAL_Driver/Src/stm32f3xx_hal_flash.o
 .comment       0x0000000000000043       0x44 ./Drivers/STM32F3xx_HAL_Driver/Src/stm32f3xx_hal_flash_ex.o
 .comment       0x0000000000000043       0x44 ./Drivers/STM32F3xx_HAL_Driver/Src/stm32f3xx_hal_gpio.o
 .comment       0x0000000000000043       0x44 ./Drivers/STM32F3xx_HAL_Driver/Src/stm32f3xx_hal_rcc.o
 .comment       0x0000000000000043       0x44 ./Drivers/STM32F3xx_HAL_Driver/Src/stm32f3xx_hal_rcc_ex.o
 .comment       0x0000000000000043       0x44 ./Drivers/STM32F3xx_HAL_Driver/Src/stm32f3xx_hal_tim.o
 .comment       0x0000000000000043       0x44 ./Drivers/STM32F3xx_HAL_Driver/Src/stm32f3xx_hal_tim_ex.o
 .comment       0x0000000000000043       0x44 ./Drivers/STM32F3xx_HAL_Driver/Src/stm32f3xx_hal_uart.o
 .comment       0x0000000000000043       0x44 ./Drivers/STM32F3xx_HAL_Driver/Src/stm32f3xx_hal_uart_ex.o
 .comment       0x0000000000000043       0x44 ./Drivers/STM32F3xx_HAL_Driver/Src/stm32f3xx_hal_wwdg.o
 .comment       0x0000000000000043       0x44 ./Drivers/STM32F3xx_HAL_Driver/Src/stm32f3xx_ll_tim.o
 .comment       0x0000000000000043       0x44 ./Middlewares/Third_Party/FreeRTOS/Source/CMSIS_RTOS_V2/cmsis_os2.o
 .comment       0x0000000000000043       0x44 ./Middlewares/Third_Party/FreeRTOS/Source/list.o
 .comment       0x0000000000000043       0x44 ./Middlewares/Third_Party/FreeRTOS/Source/queue.o
 .comment       0x0000000000000043       0x44 ./Middlewares/Third_Party/FreeRTOS/Source/tasks.o
 .comment       0x0000000000000043       0x44 ./Middlewares/Third_Party/FreeRTOS/Source/timers.o
 .comment       0x0000000000000043       0x44 ./Middlewares/Third_Party/FreeRTOS/Source/portable/GCC/ARM_CM4F/port.o
 .comment       0x0000000000000043       0x44 ./Middlewares/Third_Party/FreeRTOS/Source/portable/MemMang/heap_4.o

.debug_info     0x0000000000000000    0x1c3fe
 .debug_info    0x0000000000000000      0x194 ./Core/Src/crc_driver.o
 .debug_info    0x0000000000000194      0x2f2 ./Core/Src/flash_driver.o
 .debug_info    0x0000000000000486     0x215b ./Core/Src/main.o
 .debug_info    0x00000000000025e1      0xd0a ./Core/Src/stm32f3xx_hal_msp.o
 .debug_info    0x00000000000032eb      0xad0 ./Core/Src/stm32f3xx_hal_timebase_tim.o
 .debug_info    0x0000000000003dbb      0xb51 ./Core/Src/stm32f3xx_it.o
 .debug_info    0x000000000000490c      0x407 ./Core/Src/system_stm32f3xx.o
 .debug_info    0x0000000000004d13       0x23 ./Core/Startup/startup_stm32f303retx.o
 .debug_info    0x0000000000004d36      0x804 ./Drivers/STM32F3xx_HAL_Driver/Src/stm32f3xx_hal.o
 .debug_info    0x000000000000553a      0xd14 ./Drivers/STM32F3xx_HAL_Driver/Src/stm32f3xx_hal_cortex.o
 .debug_info    0x000000000000624e      0x6e1 ./Drivers/STM32F3xx_HAL_Driver/Src/stm32f3xx_hal_dma.o
 .debug_info    0x000000000000692f      0x4f5 ./Drivers/STM32F3xx_HAL_Driver/Src/stm32f3xx_hal_flash.o
 .debug_info    0x0000000000006e24      0x7cb ./Drivers/STM32F3xx_HAL_Driver/Src/stm32f3xx_hal_flash_ex.o
 .debug_info    0x00000000000075ef      0x6a6 ./Drivers/STM32F3xx_HAL_Driver/Src/stm32f3xx_hal_gpio.o
 .debug_info    0x0000000000007c95     0x149a ./Drivers/STM32F3xx_HAL_Driver/Src/stm32f3xx_hal_rcc.o
 .debug_info    0x000000000000912f      0x61b ./Drivers/STM32F3xx_HAL_Driver/Src/stm32f3xx_hal_rcc_ex.o
 .debug_info    0x000000000000974a     0x2a70 ./Drivers/STM32F3xx_HAL_Driver/Src/stm32f3xx_hal_tim.o
 .debug_info    0x000000000000c1ba     0x156d ./Drivers/STM32F3xx_HAL_Driver/Src/stm32f3xx_hal_tim_ex.o
 .debug_info    0x000000000000d727     0x39a8 ./Drivers/STM32F3xx_HAL_Driver/Src/stm32f3xx_hal_uart.o
 .debug_info    0x00000000000110cf      0xc9c ./Drivers/STM32F3xx_HAL_Driver/Src/stm32f3xx_hal_uart_ex.o
 .debug_info    0x0000000000011d6b      0x254 ./Drivers/STM32F3xx_HAL_Driver/Src/stm32f3xx_hal_wwdg.o
 .debug_info    0x0000000000011fbf      0xfdc ./Drivers/STM32F3xx_HAL_Driver/Src/stm32f3xx_ll_tim.o
 .debug_info    0x0000000000012f9b     0x39bf ./Middlewares/Third_Party/FreeRTOS/Source/CMSIS_RTOS_V2/cmsis_os2.o
 .debug_info    0x000000000001695a      0x2aa ./Middlewares/Third_Party/FreeRTOS/Source/list.o
 .debug_info    0x0000000000016c04     0x1abf ./Middlewares/Third_Party/FreeRTOS/Source/queue.o
 .debug_info    0x00000000000186c3     0x20e5 ./Middlewares/Third_Party/FreeRTOS/Source/tasks.o
 .debug_info    0x000000000001a7a8     0x13b5 ./Middlewares/Third_Party/FreeRTOS/Source/timers.o
 .debug_info    0x000000000001bb5d      0x4de ./Middlewares/Third_Party/FreeRTOS/Source/portable/GCC/ARM_CM4F/port.o
 .debug_info    0x000000000001c03b      0x3c3 ./Middlewares/Third_Party/FreeRTOS/Source/portable/MemMang/heap_4.o

.debug_abbrev   0x0000000000000000     0x41a4
 .debug_abbrev  0x0000000000000000       0xd8 ./Core/Src/crc_driver.o
 .debug_abbrev  0x00000000000000d8      0x14d ./Core/Src/flash_driver.o
 .debug_abbrev  0x0000000000000225      0x399 ./Core/Src/main.o
 .debug_abbrev  0x00000000000005be      0x1c9 ./Core/Src/stm32f3xx_hal_msp.o
 .debug_abbrev  0x0000000000000787      0x1f4 ./Core/Src/stm32f3xx_hal_timebase_tim.o
 .debug_abbrev  0x000000000000097b      0x19a ./Core/Src/stm32f3xx_it.o
 .debug_abbrev  0x0000000000000b15      0x11a ./Core/Src/system_stm32f3xx.o
 .debug_abbrev  0x0000000000000c2f       0x12 ./Core/Startup/startup_stm32f303retx.o
 .debug_abbrev  0x0000000000000c41      0x215 ./Drivers/STM32F3xx_HAL_Driver/Src/stm32f3xx_hal.o
 .debug_abbrev  0x0000000000000e56      0x31e ./Drivers/STM32F3xx_HAL_Driver/Src/stm32f3xx_hal_cortex.o
 .debug_abbrev  0x0000000000001174      0x20d ./Drivers/STM32F3xx_HAL_Driver/Src/stm32f3xx_hal_dma.o
 .debug_abbrev  0x0000000000001381      0x258 ./Drivers/STM32F3xx_HAL_Driver/Src/stm32f3xx_hal_flash.o
 .debug_abbrev  0x00000000000015d9      0x2af ./Drivers/STM32F3xx_HAL_Driver/Src/stm32f3xx_hal_flash_ex.o
 .debug_abbrev  0x0000000000001888      0x1ca ./Drivers/STM32F3xx_HAL_Driver/Src/stm32f3xx_hal_gpio.o
 .debug_abbrev  0x0000000000001a52      0x300 ./Drivers/STM32F3xx_HAL_Driver/Src/stm32f3xx_hal_rcc.o
 .debug_abbrev  0x0000000000001d52      0x221 ./Drivers/STM32F3xx_HAL_Driver/Src/stm32f3xx_hal_rcc_ex.o
 .debug_abbrev  0x0000000000001f73      0x278 ./Drivers/STM32F3xx_HAL_Driver/Src/stm32f3xx_hal_tim.o
 .debug_abbrev  0x00000000000021eb      0x283 ./Drivers/STM32F3xx_HAL_Driver/Src/stm32f3xx_hal_tim_ex.o
 .debug_abbrev  0x000000000000246e      0x2d1 ./Drivers/STM32F3xx_HAL_Driver/Src/stm32f3xx_hal_uart.o
 .debug_abbrev  0x000000000000273f      0x2bf ./Drivers/STM32F3xx_HAL_Driver/Src/stm32f3xx_hal_uart_ex.o
 .debug_abbrev  0x00000000000029fe      0x175 ./Drivers/STM32F3xx_HAL_Driver/Src/stm32f3xx_hal_wwdg.o
 .debug_abbrev  0x0000000000002b73      0x20d ./Drivers/STM32F3xx_HAL_Driver/Src/stm32f3xx_ll_tim.o
 .debug_abbrev  0x0000000000002d80      0x433 ./Middlewares/Third_Party/FreeRTOS/Source/CMSIS_RTOS_V2/cmsis_os2.o
 .debug_abbrev  0x00000000000031b3       0xf5 ./Middlewares/Third_Party/FreeRTOS/Source/list.o
 .debug_abbrev  0x00000000000032a8      0x3ce ./Middlewares/Third_Party/FreeRTOS/Source/queue.o
 .debug_abbrev  0x0000000000003676      0x385 ./Middlewares/Third_Party/FreeRTOS/Source/tasks.o
 .debug_abbrev  0x00000000000039fb      0x348 ./Middlewares/Third_Party/FreeRTOS/Source/timers.o
 .debug_abbrev  0x0000000000003d43      0x25c ./Middlewares/Third_Party/FreeRTOS/Source/portable/GCC/ARM_CM4F/port.o
 .debug_abbrev  0x0000000000003f9f      0x205 ./Middlewares/Third_Party/FreeRTOS/Source/portable/MemMang/heap_4.o

.debug_aranges  0x0000000000000000     0x1818
 .debug_aranges
                0x0000000000000000       0x30 ./Core/Src/crc_driver.o
 .debug_aranges
                0x0000000000000030       0x28 ./Core/Src/flash_driver.o
 .debug_aranges
                0x0000000000000058       0xe0 ./Core/Src/main.o
 .debug_aranges
                0x0000000000000138       0x38 ./Core/Src/stm32f3xx_hal_msp.o
 .debug_aranges
                0x0000000000000170       0x30 ./Core/Src/stm32f3xx_hal_timebase_tim.o
 .debug_aranges
                0x00000000000001a0       0x80 ./Core/Src/stm32f3xx_it.o
 .debug_aranges
                0x0000000000000220       0x28 ./Core/Src/system_stm32f3xx.o
 .debug_aranges
                0x0000000000000248       0x28 ./Core/Startup/startup_stm32f303retx.o
 .debug_aranges
                0x0000000000000270       0xe0 ./Drivers/STM32F3xx_HAL_Driver/Src/stm32f3xx_hal.o
 .debug_aranges
                0x0000000000000350      0x128 ./Drivers/STM32F3xx_HAL_Driver/Src/stm32f3xx_hal_cortex.o
 .debug_aranges
                0x0000000000000478       0x88 ./Drivers/STM32F3xx_HAL_Driver/Src/stm32f3xx_hal_dma.o
 .debug_aranges
                0x0000000000000500       0x88 ./Drivers/STM32F3xx_HAL_Driver/Src/stm32f3xx_hal_flash.o
 .debug_aranges
                0x0000000000000588       0x98 ./Drivers/STM32F3xx_HAL_Driver/Src/stm32f3xx_hal_flash_ex.o
 .debug_aranges
                0x0000000000000620       0x58 ./Drivers/STM32F3xx_HAL_Driver/Src/stm32f3xx_hal_gpio.o
 .debug_aranges
                0x0000000000000678       0x88 ./Drivers/STM32F3xx_HAL_Driver/Src/stm32f3xx_hal_rcc.o
 .debug_aranges
                0x0000000000000700       0x38 ./Drivers/STM32F3xx_HAL_Driver/Src/stm32f3xx_hal_rcc_ex.o
 .debug_aranges
                0x0000000000000738      0x3e0 ./Drivers/STM32F3xx_HAL_Driver/Src/stm32f3xx_hal_tim.o
 .debug_aranges
                0x0000000000000b18      0x178 ./Drivers/STM32F3xx_HAL_Driver/Src/stm32f3xx_hal_tim_ex.o
 .debug_aranges
                0x0000000000000c90      0x228 ./Drivers/STM32F3xx_HAL_Driver/Src/stm32f3xx_hal_uart.o
 .debug_aranges
                0x0000000000000eb8       0x70 ./Drivers/STM32F3xx_HAL_Driver/Src/stm32f3xx_hal_uart_ex.o
 .debug_aranges
                0x0000000000000f28       0x40 ./Drivers/STM32F3xx_HAL_Driver/Src/stm32f3xx_hal_wwdg.o
 .debug_aranges
                0x0000000000000f68      0x148 ./Drivers/STM32F3xx_HAL_Driver/Src/stm32f3xx_ll_tim.o
 .debug_aranges
                0x00000000000010b0      0x228 ./Middlewares/Third_Party/FreeRTOS/Source/CMSIS_RTOS_V2/cmsis_os2.o
 .debug_aranges
                0x00000000000012d8       0x40 ./Middlewares/Third_Party/FreeRTOS/Source/list.o
 .debug_aranges
                0x0000000000001318      0x158 ./Middlewares/Third_Party/FreeRTOS/Source/queue.o
 .debug_aranges
                0x0000000000001470      0x1f8 ./Middlewares/Third_Party/FreeRTOS/Source/tasks.o
 .debug_aranges
                0x0000000000001668       0xe0 ./Middlewares/Third_Party/FreeRTOS/Source/timers.o
 .debug_aranges
                0x0000000000001748       0x80 ./Middlewares/Third_Party/FreeRTOS/Source/portable/GCC/ARM_CM4F/port.o
 .debug_aranges
                0x00000000000017c8       0x50 ./Middlewares/Third_Party/FreeRTOS/Source/portable/MemMang/heap_4.o

.debug_rnglists
                0x0000000000000000     0x12b2
 .debug_rnglists
                0x0000000000000000       0x20 ./Core/Src/crc_driver.o
 .debug_rnglists
                0x0000000000000020       0x19 ./Core/Src/flash_driver.o
 .debug_rnglists
                0x0000000000000039       0xa9 ./Core/Src/main.o
 .debug_rnglists
                0x00000000000000e2       0x26 ./Core/Src/stm32f3xx_hal_msp.o
 .debug_rnglists
                0x0000000000000108       0x20 ./Core/Src/stm32f3xx_hal_timebase_tim.o
 .debug_rnglists
                0x0000000000000128       0x5b ./Core/Src/stm32f3xx_it.o
 .debug_rnglists
                0x0000000000000183       0x1a ./Core/Src/system_stm32f3xx.o
 .debug_rnglists
                0x000000000000019d       0x19 ./Core/Startup/startup_stm32f303retx.o
 .debug_rnglists
                0x00000000000001b6       0xa3 ./Drivers/STM32F3xx_HAL_Driver/Src/stm32f3xx_hal.o
 .debug_rnglists
                0x0000000000000259       0xda ./Drivers/STM32F3xx_HAL_Driver/Src/stm32f3xx_hal_cortex.o
 .debug_rnglists
                0x0000000000000333       0x69 ./Drivers/STM32F3xx_HAL_Driver/Src/stm32f3xx_hal_dma.o
 .debug_rnglists
                0x000000000000039c       0x65 ./Drivers/STM32F3xx_HAL_Driver/Src/stm32f3xx_hal_flash.o
 .debug_rnglists
                0x0000000000000401       0x74 ./Drivers/STM32F3xx_HAL_Driver/Src/stm32f3xx_hal_flash_ex.o
 .debug_rnglists
                0x0000000000000475       0x3f ./Drivers/STM32F3xx_HAL_Driver/Src/stm32f3xx_hal_gpio.o
 .debug_rnglists
                0x00000000000004b4       0x66 ./Drivers/STM32F3xx_HAL_Driver/Src/stm32f3xx_hal_rcc.o
 .debug_rnglists
                0x000000000000051a       0x29 ./Drivers/STM32F3xx_HAL_Driver/Src/stm32f3xx_hal_rcc_ex.o
 .debug_rnglists
                0x0000000000000543      0x328 ./Drivers/STM32F3xx_HAL_Driver/Src/stm32f3xx_hal_tim.o
 .debug_rnglists
                0x000000000000086b      0x131 ./Drivers/STM32F3xx_HAL_Driver/Src/stm32f3xx_hal_tim_ex.o
 .debug_rnglists
                0x000000000000099c      0x1da ./Drivers/STM32F3xx_HAL_Driver/Src/stm32f3xx_hal_uart.o
 .debug_rnglists
                0x0000000000000b76       0x54 ./Drivers/STM32F3xx_HAL_Driver/Src/stm32f3xx_hal_uart_ex.o
 .debug_rnglists
                0x0000000000000bca       0x2b ./Drivers/STM32F3xx_HAL_Driver/Src/stm32f3xx_hal_wwdg.o
 .debug_rnglists
                0x0000000000000bf5       0xfe ./Drivers/STM32F3xx_HAL_Driver/Src/stm32f3xx_ll_tim.o
 .debug_rnglists
                0x0000000000000cf3      0x1b4 ./Middlewares/Third_Party/FreeRTOS/Source/CMSIS_RTOS_V2/cmsis_os2.o
 .debug_rnglists
                0x0000000000000ea7       0x2b ./Middlewares/Third_Party/FreeRTOS/Source/list.o
 .debug_rnglists
                0x0000000000000ed2      0x109 ./Middlewares/Third_Party/FreeRTOS/Source/queue.o
 .debug_rnglists
                0x0000000000000fdb      0x194 ./Middlewares/Third_Party/FreeRTOS/Source/tasks.o
 .debug_rnglists
                0x000000000000116f       0xab ./Middlewares/Third_Party/FreeRTOS/Source/timers.o
 .debug_rnglists
                0x000000000000121a       0x5d ./Middlewares/Third_Party/FreeRTOS/Source/portable/GCC/ARM_CM4F/port.o
 .debug_rnglists
                0x0000000000001277       0x3b ./Middlewares/Third_Party/FreeRTOS/Source/portable/MemMang/heap_4.o

.debug_macro    0x0000000000000000    0x23abc
 .debug_macro   0x0000000000000000      0x32a ./Core/Src/crc_driver.o
 .debug_macro   0x000000000000032a      0xaae ./Core/Src/crc_driver.o
 .debug_macro   0x0000000000000dd8       0x22 ./Core/Src/crc_driver.o
 .debug_macro   0x0000000000000dfa       0x5b ./Core/Src/crc_driver.o
 .debug_macro   0x0000000000000e55       0x2a ./Core/Src/crc_driver.o
 .debug_macro   0x0000000000000e7f       0x94 ./Core/Src/crc_driver.o
 .debug_macro   0x0000000000000f13       0x43 ./Core/Src/crc_driver.o
 .debug_macro   0x0000000000000f56       0x34 ./Core/Src/crc_driver.o
 .debug_macro   0x0000000000000f8a       0x16 ./Core/Src/crc_driver.o
 .debug_macro   0x0000000000000fa0       0x57 ./Core/Src/crc_driver.o
 .debug_macro   0x0000000000000ff7       0x97 ./Core/Src/crc_driver.o
 .debug_macro   0x000000000000108e      0x369 ./Core/Src/crc_driver.o
 .debug_macro   0x00000000000013f7       0xfd ./Core/Src/crc_driver.o
 .debug_macro   0x00000000000014f4       0x10 ./Core/Src/crc_driver.o
 .debug_macro   0x0000000000001504       0x16 ./Core/Src/crc_driver.o
 .debug_macro   0x000000000000151a       0x43 ./Core/Src/crc_driver.o
 .debug_macro   0x000000000000155d       0x34 ./Core/Src/crc_driver.o
 .debug_macro   0x0000000000001591       0x10 ./Core/Src/crc_driver.o
 .debug_macro   0x00000000000015a1       0x58 ./Core/Src/crc_driver.o
 .debug_macro   0x00000000000015f9       0x8e ./Core/Src/crc_driver.o
 .debug_macro   0x0000000000001687       0x1c ./Core/Src/crc_driver.o
 .debug_macro   0x00000000000016a3      0x177 ./Core/Src/crc_driver.o
 .debug_macro   0x000000000000181a       0x16 ./Core/Src/crc_driver.o
 .debug_macro   0x0000000000001830       0x16 ./Core/Src/crc_driver.o
 .debug_macro   0x0000000000001846      0x147 ./Core/Src/crc_driver.o
 .debug_macro   0x000000000000198d       0x16 ./Core/Src/crc_driver.o
 .debug_macro   0x00000000000019a3       0x35 ./Core/Src/crc_driver.o
 .debug_macro   0x00000000000019d8       0x16 ./Core/Src/crc_driver.o
 .debug_macro   0x00000000000019ee       0x29 ./Core/Src/crc_driver.o
 .debug_macro   0x0000000000001a17       0x16 ./Core/Src/crc_driver.o
 .debug_macro   0x0000000000001a2d       0x20 ./Core/Src/crc_driver.o
 .debug_macro   0x0000000000001a4d       0x22 ./Core/Src/crc_driver.o
 .debug_macro   0x0000000000001a6f      0x15d ./Core/Src/crc_driver.o
 .debug_macro   0x0000000000001bcc       0x2e ./Core/Src/crc_driver.o
 .debug_macro   0x0000000000001bfa       0x28 ./Core/Src/crc_driver.o
 .debug_macro   0x0000000000001c22      0x103 ./Core/Src/crc_driver.o
 .debug_macro   0x0000000000001d25       0x6a ./Core/Src/crc_driver.o
 .debug_macro   0x0000000000001d8f      0x1df ./Core/Src/crc_driver.o
 .debug_macro   0x0000000000001f6e       0x1c ./Core/Src/crc_driver.o
 .debug_macro   0x0000000000001f8a       0x22 ./Core/Src/crc_driver.o
 .debug_macro   0x0000000000001fac       0xd9 ./Core/Src/crc_driver.o
 .debug_macro   0x0000000000002085     0x102d ./Core/Src/crc_driver.o
 .debug_macro   0x00000000000030b2      0x11f ./Core/Src/crc_driver.o
 .debug_macro   0x00000000000031d1    0x1535a ./Core/Src/crc_driver.o
 .debug_macro   0x000000000001852b       0x6d ./Core/Src/crc_driver.o
 .debug_macro   0x0000000000018598     0x3574 ./Core/Src/crc_driver.o
 .debug_macro   0x000000000001bb0c       0x4f ./Core/Src/crc_driver.o
 .debug_macro   0x000000000001bb5b      0x953 ./Core/Src/crc_driver.o
 .debug_macro   0x000000000001c4ae      0x84a ./Core/Src/crc_driver.o
 .debug_macro   0x000000000001ccf8      0x1b5 ./Core/Src/crc_driver.o
 .debug_macro   0x000000000001cead      0x23a ./Core/Src/crc_driver.o
 .debug_macro   0x000000000001d0e7      0x1ea ./Core/Src/crc_driver.o
 .debug_macro   0x000000000001d2d1      0x1bc ./Core/Src/crc_driver.o
 .debug_macro   0x000000000001d48d       0x30 ./Core/Src/crc_driver.o
 .debug_macro   0x000000000001d4bd       0x3c ./Core/Src/crc_driver.o
 .debug_macro   0x000000000001d4f9      0x235 ./Core/Src/crc_driver.o
 .debug_macro   0x000000000001d72e       0xc5 ./Core/Src/crc_driver.o
 .debug_macro   0x000000000001d7f3      0x21d ./Core/Src/crc_driver.o
 .debug_macro   0x000000000001da10      0x22c ./Core/Src/crc_driver.o
 .debug_macro   0x000000000001dc3c       0x5b ./Core/Src/crc_driver.o
 .debug_macro   0x000000000001dc97       0xa5 ./Core/Src/crc_driver.o
 .debug_macro   0x000000000001dd3c       0x81 ./Core/Src/crc_driver.o
 .debug_macro   0x000000000001ddbd       0xd3 ./Core/Src/crc_driver.o
 .debug_macro   0x000000000001de90      0xa60 ./Core/Src/crc_driver.o
 .debug_macro   0x000000000001e8f0       0xba ./Core/Src/crc_driver.o
 .debug_macro   0x000000000001e9aa      0x5ba ./Core/Src/crc_driver.o
 .debug_macro   0x000000000001ef64       0x44 ./Core/Src/crc_driver.o
 .debug_macro   0x000000000001efa8       0x8d ./Core/Src/crc_driver.o
 .debug_macro   0x000000000001f035      0x347 ./Core/Src/crc_driver.o
 .debug_macro   0x000000000001f37c      0x32a ./Core/Src/flash_driver.o
 .debug_macro   0x000000000001f6a6      0x45f ./Core/Src/main.o
 .debug_macro   0x000000000001fb05       0x5b ./Core/Src/main.o
 .debug_macro   0x000000000001fb60       0x74 ./Core/Src/main.o
 .debug_macro   0x000000000001fbd4      0x122 ./Core/Src/main.o
 .debug_macro   0x000000000001fcf6       0xdd ./Core/Src/main.o
 .debug_macro   0x000000000001fdd3       0x61 ./Core/Src/main.o
 .debug_macro   0x000000000001fe34      0x245 ./Core/Src/stm32f3xx_hal_msp.o
 .debug_macro   0x0000000000020079      0x1e1 ./Core/Src/stm32f3xx_hal_timebase_tim.o
 .debug_macro   0x000000000002025a      0x24f ./Core/Src/stm32f3xx_it.o
 .debug_macro   0x00000000000204a9      0x1e1 ./Core/Src/system_stm32f3xx.o
 .debug_macro   0x000000000002068a      0x205 ./Drivers/STM32F3xx_HAL_Driver/Src/stm32f3xx_hal.o